Archive member included to satisfy reference by file (symbol)

c:/stm32toolchain/stm32cubeide_1.3.0/stm32cubeide/plugins/com.st.stm32cube.ide.mcu.externaltools.gnu-tools-for-stm32.7-2018-q2-update.win32_1.0.0.201904181610/tools/bin/../lib/gcc/arm-none-eabi/7.3.1/../../../../arm-none-eabi/lib/thumb/v7e-m/fpv4-sp/hard\libc_nano.a(lib_a-errno.o)
                              Core/Src/syscalls.o (__errno)
c:/stm32toolchain/stm32cubeide_1.3.0/stm32cubeide/plugins/com.st.stm32cube.ide.mcu.externaltools.gnu-tools-for-stm32.7-2018-q2-update.win32_1.0.0.201904181610/tools/bin/../lib/gcc/arm-none-eabi/7.3.1/../../../../arm-none-eabi/lib/thumb/v7e-m/fpv4-sp/hard\libc_nano.a(lib_a-exit.o)
                              c:/stm32toolchain/stm32cubeide_1.3.0/stm32cubeide/plugins/com.st.stm32cube.ide.mcu.externaltools.gnu-tools-for-stm32.7-2018-q2-update.win32_1.0.0.201904181610/tools/bin/../lib/gcc/arm-none-eabi/7.3.1/../../../../arm-none-eabi/lib/thumb/v7e-m/fpv4-sp/hard/crt0.o (exit)
c:/stm32toolchain/stm32cubeide_1.3.0/stm32cubeide/plugins/com.st.stm32cube.ide.mcu.externaltools.gnu-tools-for-stm32.7-2018-q2-update.win32_1.0.0.201904181610/tools/bin/../lib/gcc/arm-none-eabi/7.3.1/../../../../arm-none-eabi/lib/thumb/v7e-m/fpv4-sp/hard\libc_nano.a(lib_a-impure.o)
                              c:/stm32toolchain/stm32cubeide_1.3.0/stm32cubeide/plugins/com.st.stm32cube.ide.mcu.externaltools.gnu-tools-for-stm32.7-2018-q2-update.win32_1.0.0.201904181610/tools/bin/../lib/gcc/arm-none-eabi/7.3.1/../../../../arm-none-eabi/lib/thumb/v7e-m/fpv4-sp/hard\libc_nano.a(lib_a-exit.o) (_global_impure_ptr)
c:/stm32toolchain/stm32cubeide_1.3.0/stm32cubeide/plugins/com.st.stm32cube.ide.mcu.externaltools.gnu-tools-for-stm32.7-2018-q2-update.win32_1.0.0.201904181610/tools/bin/../lib/gcc/arm-none-eabi/7.3.1/../../../../arm-none-eabi/lib/thumb/v7e-m/fpv4-sp/hard\libc_nano.a(lib_a-init.o)
                              c:/stm32toolchain/stm32cubeide_1.3.0/stm32cubeide/plugins/com.st.stm32cube.ide.mcu.externaltools.gnu-tools-for-stm32.7-2018-q2-update.win32_1.0.0.201904181610/tools/bin/../lib/gcc/arm-none-eabi/7.3.1/../../../../arm-none-eabi/lib/thumb/v7e-m/fpv4-sp/hard/crt0.o (__libc_init_array)
c:/stm32toolchain/stm32cubeide_1.3.0/stm32cubeide/plugins/com.st.stm32cube.ide.mcu.externaltools.gnu-tools-for-stm32.7-2018-q2-update.win32_1.0.0.201904181610/tools/bin/../lib/gcc/arm-none-eabi/7.3.1/../../../../arm-none-eabi/lib/thumb/v7e-m/fpv4-sp/hard\libc_nano.a(lib_a-memcpy-stub.o)
                              Core/Src/as5047p.o (memcpy)
c:/stm32toolchain/stm32cubeide_1.3.0/stm32cubeide/plugins/com.st.stm32cube.ide.mcu.externaltools.gnu-tools-for-stm32.7-2018-q2-update.win32_1.0.0.201904181610/tools/bin/../lib/gcc/arm-none-eabi/7.3.1/../../../../arm-none-eabi/lib/thumb/v7e-m/fpv4-sp/hard\libc_nano.a(lib_a-memset.o)
                              c:/stm32toolchain/stm32cubeide_1.3.0/stm32cubeide/plugins/com.st.stm32cube.ide.mcu.externaltools.gnu-tools-for-stm32.7-2018-q2-update.win32_1.0.0.201904181610/tools/bin/../lib/gcc/arm-none-eabi/7.3.1/../../../../arm-none-eabi/lib/thumb/v7e-m/fpv4-sp/hard/crt0.o (memset)
c:/stm32toolchain/stm32cubeide_1.3.0/stm32cubeide/plugins/com.st.stm32cube.ide.mcu.externaltools.gnu-tools-for-stm32.7-2018-q2-update.win32_1.0.0.201904181610/tools/bin/../lib/gcc/arm-none-eabi/7.3.1/../../../../arm-none-eabi/lib/thumb/v7e-m/fpv4-sp/hard\libc_nano.a(lib_a-printf.o)
                              Core/Src/as5047p_hal.o (printf)
c:/stm32toolchain/stm32cubeide_1.3.0/stm32cubeide/plugins/com.st.stm32cube.ide.mcu.externaltools.gnu-tools-for-stm32.7-2018-q2-update.win32_1.0.0.201904181610/tools/bin/../lib/gcc/arm-none-eabi/7.3.1/../../../../arm-none-eabi/lib/thumb/v7e-m/fpv4-sp/hard\libc_nano.a(lib_a-findfp.o)
                              c:/stm32toolchain/stm32cubeide_1.3.0/stm32cubeide/plugins/com.st.stm32cube.ide.mcu.externaltools.gnu-tools-for-stm32.7-2018-q2-update.win32_1.0.0.201904181610/tools/bin/../lib/gcc/arm-none-eabi/7.3.1/../../../../arm-none-eabi/lib/thumb/v7e-m/fpv4-sp/hard\libc_nano.a(lib_a-printf.o) (__sinit)
c:/stm32toolchain/stm32cubeide_1.3.0/stm32cubeide/plugins/com.st.stm32cube.ide.mcu.externaltools.gnu-tools-for-stm32.7-2018-q2-update.win32_1.0.0.201904181610/tools/bin/../lib/gcc/arm-none-eabi/7.3.1/../../../../arm-none-eabi/lib/thumb/v7e-m/fpv4-sp/hard\libc_nano.a(lib_a-fwalk.o)
                              c:/stm32toolchain/stm32cubeide_1.3.0/stm32cubeide/plugins/com.st.stm32cube.ide.mcu.externaltools.gnu-tools-for-stm32.7-2018-q2-update.win32_1.0.0.201904181610/tools/bin/../lib/gcc/arm-none-eabi/7.3.1/../../../../arm-none-eabi/lib/thumb/v7e-m/fpv4-sp/hard\libc_nano.a(lib_a-findfp.o) (_fwalk)
c:/stm32toolchain/stm32cubeide_1.3.0/stm32cubeide/plugins/com.st.stm32cube.ide.mcu.externaltools.gnu-tools-for-stm32.7-2018-q2-update.win32_1.0.0.201904181610/tools/bin/../lib/gcc/arm-none-eabi/7.3.1/../../../../arm-none-eabi/lib/thumb/v7e-m/fpv4-sp/hard\libc_nano.a(lib_a-nano-mallocr.o)
[...]
Memory Configuration

Name             Origin             Length             Attributes
CCMRAM           0x0000000010000000 0x0000000000010000 xrw
RAM              0x0000000020000000 0x0000000000030000 xrw
FLASH            0x0000000008000000 0x0000000000200000 xr
*default*        0x0000000000000000 0xffffffffffffffff

Linker script and memory map

LOAD c:/stm32toolchain/stm32cubeide_1.3.0/stm32cubeide/plugins/com.st.stm32cube.ide.mcu.externaltools.gnu-tools-for-stm32.7-2018-q2-update.win32_1.0.0.201904181610/tools/bin/../lib/gcc/arm-none-eabi/7.3.1/thumb/v7e-m/fpv4-sp/hard/crti.o
LOAD c:/stm32toolchain/stm32cubeide_1.3.0/stm32cubeide/plugins/com.st.stm32cube.ide.mcu.externaltools.gnu-tools-for-stm32.7-2018-q2-update.win32_1.0.0.201904181610/tools/bin/../lib/gcc/arm-none-eabi/7.3.1/thumb/v7e-m/fpv4-sp/hard/crtbegin.o
LOAD c:/stm32toolchain/stm32cubeide_1.3.0/stm32cubeide/plugins/com.st.stm32cube.ide.mcu.externaltools.gnu-tools-for-stm32.7-2018-q2-update.win32_1.0.0.201904181610/tools/bin/../lib/gcc/arm-none-eabi/7.3.1/../../../../arm-none-eabi/lib/thumb/v7e-m/fpv4-sp/hard/crt0.o
LOAD Core/Src/as5047p.o
LOAD Core/Src/as5047p_hal.o
LOAD Core/Src/gpio.o
LOAD Core/Src/main.o
LOAD Core/Src/spi.o
LOAD Core/Src/stm32f4xx_hal_msp.o
LOAD Core/Src/stm32f4xx_it.o
LOAD Core/Src/syscalls.o
LOAD Core/Src/sysmem.o
LOAD Core/Src/system_stm32f4xx.o
LOAD Core/Src/usart.o
LOAD Core/Startup/startup_stm32f429zitx.o
LOAD Drivers/STM32F4xx_HAL_Driver/Src/stm32f4xx_hal.o
LOAD Drivers/STM32F4xx_HAL_Driver/Src/stm32f4xx_hal_cortex.o
LOAD Drivers/STM32F4xx_HAL_Driver/Src/stm32f4xx_hal_dma.o
LOAD Drivers/STM32F4xx_HAL_Driver/Src/stm32f4xx_hal_dma_ex.o
LOAD Drivers/STM32F4xx_HAL_Driver/Src/stm32f4xx_hal_exti.o
LOAD Drivers/STM32F4xx_HAL_Driver/Src/stm32f4xx_hal_flash.o
LOAD Drivers/STM32F4xx_HAL_Driver/Src/stm32f4xx_hal_flash_ex.o
LOAD Drivers/STM32F4xx_HAL_Driver/Src/stm32f4xx_hal_flash_ramfunc.o
LOAD Drivers/STM32F4xx_HAL_Driver/Src/stm32f4xx_hal_gpio.o
LOAD Drivers/STM32F4xx_HAL_Driver/Src/stm32f4xx_hal_pwr.o
LOAD Drivers/STM32F4xx_HAL_Driver/Src/stm32f4xx_hal_pwr_ex.o
LOAD Drivers/STM32F4xx_HAL_Driver/Src/stm32f4xx_hal_rcc.o
LOAD Drivers/STM32F4xx_HAL_Driver/Src/stm32f4xx_hal_rcc_ex.o
LOAD Drivers/STM32F4xx_HAL_Driver/Src/stm32f4xx_hal_spi.o
LOAD Drivers/STM32F4xx_HAL_Driver/Src/stm32f4xx_hal_tim.o
LOAD Drivers/STM32F4xx_HAL_Driver/Src/stm32f4xx_hal_tim_ex.o
LOAD Drivers/STM32F4xx_HAL_Driver/Src/stm32f4xx_hal_uart.o
START GROUP
LOAD c:/stm32toolchain/stm32cubeide_1.3.0/stm32cubeide/plugins/com.st.stm32cube.ide.mcu.externaltools.gnu-tools-for-stm32.7-2018-q2-update.win32_1.0.0.201904181610/tools/bin/../lib/gcc/arm-none-eabi/7.3.1/../../../../arm-none-eabi/lib/thumb/v7e-m/fpv4-sp/hard\libc_nano.a
LOAD c:/stm32toolchain/stm32cubeide_1.3.0/stm32cubeide/plugins/com.st.stm32cube.ide.mcu.externaltools.gnu-tools-for-stm32.7-2018-q2-update.win32_1.0.0.201904181610/tools/bin/../lib/gcc/arm-none-eabi/7.3.1/../../../../arm-none-eabi/lib/thumb/v7e-m/fpv4-sp/hard\libm.a
END GROUP
START GROUP
LOAD c:/stm32toolchain/stm32cubeide_1.3.0/stm32cubeide/plugins/com.st.stm32cube.ide.mcu.externaltools.gnu-tools-for-stm32.7-2018-q2-update.win32_1.0.0.201904181610/tools/bin/../lib/gcc/arm-none-eabi/7.3.1/thumb/v7e-m/fpv4-sp/hard\libgcc.a
LOAD c:/stm32toolchain/stm32cubeide_1.3.0/stm32cubeide/plugins/com.st.stm32cube.ide.mcu.externaltools.gnu-tools-for-stm32.7-2018-q2-update.win32_1.0.0.201904181610/tools/bin/../lib/gcc/arm-none-eabi/7.3.1/../../../../arm-none-eabi/lib/thumb/v7e-m/fpv4-sp/hard\libc_nano.a
END GROUP
START GROUP
LOAD c:/stm32toolchain/stm32cubeide_1.3.0/stm32cubeide/plugins/com.st.stm32cube.ide.mcu.externaltools.gnu-tools-for-stm32.7-2018-q2-update.win32_1.0.0.201904181610/tools/bin/../lib/gcc/arm-none-eabi/7.3.1/thumb/v7e-m/fpv4-sp/hard\libgcc.a
LOAD c:/stm32toolchain/stm32cubeide_1.3.0/stm32cubeide/plugins/com.st.stm32cube.ide.mcu.externaltools.gnu-tools-for-stm32.7-2018-q2-update.win32_1.0.0.201904181610/tools/bin/../lib/gcc/arm-none-eabi/7.3.1/../../../../arm-none-eabi/lib/thumb/v7e-m/fpv4-sp/hard\libc_nano.a
LOAD c:/stm32toolchain/stm32cubeide_1.3.0/stm32cubeide/plugins/com.st.stm32cube.ide.mcu.externaltools.gnu-tools-for-stm32.7-2018-q2-update.win32_1.0.0.201904181610/tools/bin/../lib/gcc/arm-none-eabi/7.3.1/../../../../arm-none-eabi/lib/thumb/v7e-m/fpv4-sp/hard\libnosys.a
END GROUP
START GROUP
LOAD c:/stm32toolchain/stm32cubeide_1.3.0/stm32cubeide/plugins/com.st.stm32cube.ide.mcu.externaltools.gnu-tools-for-stm32.7-2018-q2-update.win32_1.0.0.201904181610/tools/bin/../lib/gcc/arm-none-eabi/7.3.1/thumb/v7e-m/fpv4-sp/hard\libgcc.a
LOAD c:/stm32toolchain/stm32cubeide_1.3.0/stm32cubeide/plugins/com.st.stm32cube.ide.mcu.externaltools.gnu-tools-for-stm32.7-2018-q2-update.win32_1.0.0.201904181610/tools/bin/../lib/gcc/arm-none-eabi/7.3.1/../../../../arm-none-eabi/lib/thumb/v7e-m/fpv4-sp/hard\libc_nano.a
LOAD c:/stm32toolchain/stm32cubeide_1.3.0/stm32cubeide/plugins/com.st.stm32cube.ide.mcu.externaltools.gnu-tools-for-stm32.7-2018-q2-update.win32_1.0.0.201904181610/tools/bin/../lib/gcc/arm-none-eabi/7.3.1/../../../../arm-none-eabi/lib/thumb/v7e-m/fpv4-sp/hard\libnosys.a
END GROUP
LOAD c:/stm32toolchain/stm32cubeide_1.3.0/stm32cubeide/plugins/com.st.stm32cube.ide.mcu.externaltools.gnu-tools-for-stm32.7-2018-q2-update.win32_1.0.0.201904181610/tools/bin/../lib/gcc/arm-none-eabi/7.3.1/thumb/v7e-m/fpv4-sp/hard/crtend.o
LOAD c:/stm32toolchain/stm32cubeide_1.3.0/stm32cubeide/plugins/com.st.stm32cube.ide.mcu.externaltools.gnu-tools-for-stm32.7-2018-q2-update.win32_1.0.0.201904181610/tools/bin/../lib/gcc/arm-none-eabi/7.3.1/thumb/v7e-m/fpv4-sp/hard/crtn.o
                0x0000000020030000                _estack = (ORIGIN (RAM) + LENGTH (RAM))
                0x0000000000000200                _Min_Heap_Size = 0x200
                0x0000000000000400                _Min_Stack_Size = 0x400

.isr_vector     0x0000000008000000      0x1ac
                0x0000000008000000                . = ALIGN (0x4)
 *(.isr_vector)
 .isr_vector    0x0000000008000000      0x1ac Core/Startup/startup_stm32f429zitx.o
                0x0000000008000000                g_pfnVectors
                0x00000000080001ac                . = ALIGN (0x4)

.text           0x00000000080001b0     0x4374
                0x00000000080001b0                . = ALIGN (0x4)
 *(.text)
 .text          0x00000000080001b0       0x40 c:/stm32toolchain/stm32cubeide_1.3.0/stm32cubeide/plugins/com.st.stm32cube.ide.mcu.externaltools.gnu-tools-for-stm32.7-2018-q2-update.win32_1.0.0.201904181610/tools/bin/../lib/gcc/arm-none-eabi/7.3.1/thumb/v7e-m/fpv4-sp/hard/crtbegin.o
 .text          0x00000000080001f0       0xa0 c:/stm32toolchain/stm32cubeide_1.3.0/stm32cubeide/plugins/com.st.stm32cube.ide.mcu.externaltools.gnu-tools-for-stm32.7-2018-q2-update.win32_1.0.0.201904181610/tools/bin/../lib/gcc/arm-none-eabi/7.3.1/../../../../arm-none-eabi/lib/thumb/v7e-m/fpv4-sp/hard\libc_nano.a(lib_a-memchr.o)
                0x00000000080001f0                memchr
 .text          0x0000000008000290       0x30 c:/stm32toolchain/stm32cubeide_1.3.0/stm32cubeide/plugins/com.st.stm32cube.ide.mcu.externaltools.gnu-tools-for-stm32.7-2018-q2-update.win32_1.0.0.201904181610/tools/bin/../lib/gcc/arm-none-eabi/7.3.1/thumb/v7e-m/fpv4-sp/hard\libgcc.a(_aeabi_uldivmod.o)
                0x0000000008000290                __aeabi_uldivmod
 .text          0x00000000080002c0      0x2cc c:/stm32toolchain/stm32cubeide_1.3.0/stm32cubeide/plugins/com.st.stm32cube.ide.mcu.externaltools.gnu-tools-for-stm32.7-2018-q2-update.win32_1.0.0.201904181610/tools/bin/../lib/gcc/arm-none-eabi/7.3.1/thumb/v7e-m/fpv4-sp/hard\libgcc.a(_udivmoddi4.o)
                0x00000000080002c0                __udivmoddi4
 .text          0x000000000800058c        0x4 c:/stm32toolchain/stm32cubeide_1.3.0/stm32cubeide/plugins/com.st.stm32cube.ide.mcu.externaltools.gnu-tools-for-stm32.7-2018-q2-update.win32_1.0.0.201904181610/tools/bin/../lib/gcc/arm-none-eabi/7.3.1/thumb/v7e-m/fpv4-sp/hard\libgcc.a(_dvmd_tls.o)
                0x000000000800058c                __aeabi_idiv0
                0x000000000800058c                __aeabi_ldiv0
 *(.text*)
 .text.AS5047P_ReadRegister
                0x0000000008000590      0x1d4 Core/Src/as5047p.o
                0x0000000008000590                AS5047P_ReadRegister
 .text.AS5047P_WriteRegister
                0x0000000008000764      0x254 Core/Src/as5047p.o
                0x0000000008000764                AS5047P_WriteRegister
 .text.AS5047P_Init
                0x00000000080009b8      0x354 Core/Src/as5047p.o
                0x00000000080009b8                AS5047P_Init
 .text.AS5047P_SetFactorySettings
                0x0000000008000d0c      0x788 Core/Src/as5047p.o
                0x0000000008000d0c                AS5047P_SetFactorySettings
 .text.AS5047P_ErrorPending
                0x0000000008001494        0xc Core/Src/as5047p.o
                0x0000000008001494                AS5047P_ErrorPending
 .text.AS5047P_GetError
                0x00000000080014a0       0x10 Core/Src/as5047p.o
                0x00000000080014a0                AS5047P_GetError
 .text.AS5047P_ErrorAck
                0x00000000080014b0      0x344 Core/Src/as5047p.o
                0x00000000080014b0                AS5047P_ErrorAck
 .text.AS5047P_ReadPosition
                0x00000000080017f4      0x23c Core/Src/as5047p.o
                0x00000000080017f4                AS5047P_ReadPosition
 .text.AS5047P_SetZeroPosition
                0x0000000008001a30      0x568 Core/Src/as5047p.o
                0x0000000008001a30                AS5047P_SetZeroPosition
 .text.AS5047P_GetID
                0x0000000008001f98        0x4 Core/Src/as5047p.o
                0x0000000008001f98                AS5047P_GetID
 .text.AS5047P_HAL_Delay_ms
                0x0000000008001f9c        0x4 Core/Src/as5047p_hal.o
                0x0000000008001f9c                AS5047P_HAL_Delay_ms
 .text.AS5047P_HAL_Init
                0x0000000008001fa0       0x48 Core/Src/as5047p_hal.o
                0x0000000008001fa0                AS5047P_HAL_Init
 .text.AS5047P_HAL_SPI_Transaction
                0x0000000008001fe8       0xa4 Core/Src/as5047p_hal.o
                0x0000000008001fe8                AS5047P_HAL_SPI_Transaction
 .text.MX_GPIO_Init
                0x000000000800208c      0x1dc Core/Src/gpio.o
                0x000000000800208c                MX_GPIO_Init
 .text._write   0x0000000008002268       0x18 Core/Src/main.o
                0x0000000008002268                _write
 .text.SystemClock_Config
                0x0000000008002280       0x98 Core/Src/main.o
                0x0000000008002280                SystemClock_Config
 .text.startup.main
                0x0000000008002318       0xc4 Core/Src/main.o
                0x0000000008002318                main
 .text.Error_Handler
                0x00000000080023dc        0x4 Core/Src/main.o
                0x00000000080023dc                Error_Handler
 .text.MX_SPI4_Init
                0x00000000080023e0       0x4c Core/Src/spi.o
                0x00000000080023e0                MX_SPI4_Init
 .text.HAL_SPI_MspInit
                0x000000000800242c       0x6c Core/Src/spi.o
                0x000000000800242c                HAL_SPI_MspInit
 .text.HAL_MspInit
                0x0000000008002498       0x38 Core/Src/stm32f4xx_hal_msp.o
                0x0000000008002498                HAL_MspInit
 .text.NMI_Handler
                0x00000000080024d0        0x4 Core/Src/stm32f4xx_it.o
                0x00000000080024d0                NMI_Handler
 .text.HardFault_Handler
                0x00000000080024d4        0x4 Core/Src/stm32f4xx_it.o
                0x00000000080024d4                HardFault_Handler
 .text.MemManage_Handler
                0x00000000080024d8        0x4 Core/Src/stm32f4xx_it.o
                0x00000000080024d8                MemManage_Handler
 .text.BusFault_Handler
                0x00000000080024dc        0x4 Core/Src/stm32f4xx_it.o
                0x00000000080024dc                BusFault_Handler
 .text.UsageFault_Handler
                0x00000000080024e0        0x4 Core/Src/stm32f4xx_it.o
                0x00000000080024e0                UsageFault_Handler
 .text.SVC_Handler
                0x00000000080024e4        0x4 Core/Src/stm32f4xx_it.o
                0x00000000080024e4                SVC_Handler
 .text.DebugMon_Handler
                0x00000000080024e8        0x4 Core/Src/stm32f4xx_it.o
                0x00000000080024e8                DebugMon_Handler
 .text.PendSV_Handler
                0x00000000080024ec        0x4 Core/Src/stm32f4xx_it.o
                0x00000000080024ec                PendSV_Handler
 .text.SysTick_Handler
                0x00000000080024f0        0x4 Core/Src/stm32f4xx_it.o
                0x00000000080024f0                SysTick_Handler
 .text._read    0x00000000080024f4       0x1c Core/Src/syscalls.o
                0x00000000080024f4                _read
 .text._close   0x0000000008002510        0x8 Core/Src/syscalls.o
                0x0000000008002510                _close
 .text._fstat   0x0000000008002518        0xc Core/Src/syscalls.o
                0x0000000008002518                _fstat
 .text._isatty  0x0000000008002524        0x4 Core/Src/syscalls.o
                0x0000000008002524                _isatty
 .text._lseek   0x0000000008002528        0x4 Core/Src/syscalls.o
                0x0000000008002528                _lseek
 .text._sbrk    0x000000000800252c       0x3c Core/Src/sysmem.o
                0x000000000800252c                _sbrk
 .text.SystemInit
                0x0000000008002568       0x1c Core/Src/system_stm32f4xx.o
                0x0000000008002568                SystemInit
 .text.MX_USART3_UART_Init
                0x0000000008002584       0x3c Core/Src/usart.o
                0x0000000008002584                MX_USART3_UART_Init
 .text.HAL_UART_MspInit
                0x00000000080025c0       0x70 Core/Src/usart.o
                0x00000000080025c0                HAL_UART_MspInit
 .text.Reset_Handler
                0x0000000008002630       0x50 Core/Startup/startup_stm32f429zitx.o
                0x0000000008002630                Reset_Handler
 .text.Default_Handler
                0x0000000008002680        0x2 Core/Startup/startup_stm32f429zitx.o
                0x0000000008002680                RTC_Alarm_IRQHandler
                0x0000000008002680                HASH_RNG_IRQHandler
                0x0000000008002680                EXTI2_IRQHandler
                0x0000000008002680                TIM8_CC_IRQHandler
                0x0000000008002680                UART8_IRQHandler
                0x0000000008002680                SPI4_IRQHandler
                0x0000000008002680                TIM1_CC_IRQHandler
                0x0000000008002680                DMA2_Stream5_IRQHandler
                0x0000000008002680                DMA1_Stream5_IRQHandler
                0x0000000008002680                PVD_IRQHandler
                0x0000000008002680                SDIO_IRQHandler
                0x0000000008002680                TAMP_STAMP_IRQHandler
                0x0000000008002680                CAN2_RX1_IRQHandler
                0x0000000008002680                EXTI3_IRQHandler
                0x0000000008002680                TIM8_TRG_COM_TIM14_IRQHandler
                0x0000000008002680                TIM1_UP_TIM10_IRQHandler
                0x0000000008002680                TIM8_UP_TIM13_IRQHandler
                0x0000000008002680                I2C3_ER_IRQHandler
                0x0000000008002680                EXTI0_IRQHandler
                0x0000000008002680                I2C2_EV_IRQHandler
                0x0000000008002680                DMA1_Stream2_IRQHandler
                0x0000000008002680                CAN1_RX0_IRQHandler
                0x0000000008002680                FPU_IRQHandler
                0x0000000008002680                OTG_HS_WKUP_IRQHandler
                0x0000000008002680                LTDC_ER_IRQHandler
                0x0000000008002680                CAN2_SCE_IRQHandler
                0x0000000008002680                DMA2_Stream2_IRQHandler
                0x0000000008002680                SPI1_IRQHandler
                0x0000000008002680                TIM6_DAC_IRQHandler
                0x0000000008002680                TIM1_BRK_TIM9_IRQHandler
                0x0000000008002680                DCMI_IRQHandler
                0x0000000008002680                CAN2_RX0_IRQHandler
                0x0000000008002680                DMA2_Stream3_IRQHandler
                0x0000000008002680                USART6_IRQHandler
                0x0000000008002680                USART3_IRQHandler
                0x0000000008002680                CAN1_RX1_IRQHandler
                0x0000000008002680                UART5_IRQHandler
                0x0000000008002680                DMA2_Stream0_IRQHandler
                0x0000000008002680                TIM4_IRQHandler
                0x0000000008002680                I2C1_EV_IRQHandler
                0x0000000008002680                DMA1_Stream6_IRQHandler
                0x0000000008002680                DMA1_Stream1_IRQHandler
                0x0000000008002680                UART4_IRQHandler
                0x0000000008002680                TIM3_IRQHandler
                0x0000000008002680                RCC_IRQHandler
                0x0000000008002680                TIM8_BRK_TIM12_IRQHandler
                0x0000000008002680                Default_Handler
                0x0000000008002680                EXTI15_10_IRQHandler
                0x0000000008002680                ADC_IRQHandler
                0x0000000008002680                DMA1_Stream7_IRQHandler
                0x0000000008002680                SPI5_IRQHandler
                0x0000000008002680                TIM7_IRQHandler
                0x0000000008002680                CAN2_TX_IRQHandler
                0x0000000008002680                TIM5_IRQHandler
                0x0000000008002680                DMA2_Stream7_IRQHandler
                0x0000000008002680                I2C3_EV_IRQHandler
                0x0000000008002680                EXTI9_5_IRQHandler
                0x0000000008002680                RTC_WKUP_IRQHandler
                0x0000000008002680                LTDC_IRQHandler
                0x0000000008002680                ETH_WKUP_IRQHandler
                0x0000000008002680                SPI2_IRQHandler
                0x0000000008002680                OTG_HS_EP1_IN_IRQHandler
                0x0000000008002680                DMA1_Stream0_IRQHandler
                0x0000000008002680                CAN1_TX_IRQHandler
                0x0000000008002680                EXTI4_IRQHandler
                0x0000000008002680                ETH_IRQHandler
                0x0000000008002680                OTG_HS_EP1_OUT_IRQHandler
                0x0000000008002680                WWDG_IRQHandler
                0x0000000008002680                SPI6_IRQHandler
                0x0000000008002680                TIM2_IRQHandler
                0x0000000008002680                OTG_FS_WKUP_IRQHandler
                0x0000000008002680                TIM1_TRG_COM_TIM11_IRQHandler
                0x0000000008002680                OTG_HS_IRQHandler
                0x0000000008002680                DMA2D_IRQHandler
                0x0000000008002680                EXTI1_IRQHandler
                0x0000000008002680                UART7_IRQHandler
                0x0000000008002680                USART2_IRQHandler
                0x0000000008002680                I2C2_ER_IRQHandler
                0x0000000008002680                DMA2_Stream1_IRQHandler
                0x0000000008002680                CAN1_SCE_IRQHandler
                0x0000000008002680                FLASH_IRQHandler
                0x0000000008002680                DMA2_Stream4_IRQHandler
                0x0000000008002680                USART1_IRQHandler
                0x0000000008002680                OTG_FS_IRQHandler
                0x0000000008002680                SPI3_IRQHandler
                0x0000000008002680                DMA1_Stream4_IRQHandler
                0x0000000008002680                I2C1_ER_IRQHandler
                0x0000000008002680                FMC_IRQHandler
                0x0000000008002680                DMA2_Stream6_IRQHandler
                0x0000000008002680                SAI1_IRQHandler
                0x0000000008002680                DMA1_Stream3_IRQHandler
 *fill*         0x0000000008002682        0x2 
 .text.HAL_InitTick
                0x0000000008002684       0x48 Drivers/STM32F4xx_HAL_Driver/Src/stm32f4xx_hal.o
                0x0000000008002684                HAL_InitTick
 .text.HAL_Init
                0x00000000080026cc       0x34 Drivers/STM32F4xx_HAL_Driver/Src/stm32f4xx_hal.o
                0x00000000080026cc                HAL_Init
 .text.HAL_IncTick
                0x0000000008002700       0x18 Drivers/STM32F4xx_HAL_Driver/Src/stm32f4xx_hal.o
                0x0000000008002700                HAL_IncTick
 .text.HAL_GetTick
                0x0000000008002718        0xc Drivers/STM32F4xx_HAL_Driver/Src/stm32f4xx_hal.o
                0x0000000008002718                HAL_GetTick
 .text.HAL_Delay
                0x0000000008002724       0x24 Drivers/STM32F4xx_HAL_Driver/Src/stm32f4xx_hal.o
                0x0000000008002724                HAL_Delay
 .text.HAL_NVIC_SetPriorityGrouping
                0x0000000008002748       0x24 Drivers/STM32F4xx_HAL_Driver/Src/stm32f4xx_hal_cortex.o
                0x0000000008002748                HAL_NVIC_SetPriorityGrouping
 .text.HAL_NVIC_SetPriority
                0x000000000800276c       0x6c Drivers/STM32F4xx_HAL_Driver/Src/stm32f4xx_hal_cortex.o
                0x000000000800276c                HAL_NVIC_SetPriority
 .text.HAL_SYSTICK_Config
                0x00000000080027d8       0x34 Drivers/STM32F4xx_HAL_Driver/Src/stm32f4xx_hal_cortex.o
                0x00000000080027d8                HAL_SYSTICK_Config
 .text.HAL_GPIO_Init
                0x000000000800280c      0x244 Drivers/STM32F4xx_HAL_Driver/Src/stm32f4xx_hal_gpio.o
                0x000000000800280c                HAL_GPIO_Init
 .text.HAL_GPIO_ReadPin
                0x0000000008002a50        0xc Drivers/STM32F4xx_HAL_Driver/Src/stm32f4xx_hal_gpio.o
                0x0000000008002a50                HAL_GPIO_ReadPin
 .text.HAL_GPIO_WritePin
                0x0000000008002a5c        0x8 Drivers/STM32F4xx_HAL_Driver/Src/stm32f4xx_hal_gpio.o
                0x0000000008002a5c                HAL_GPIO_WritePin
 .text.HAL_PWREx_EnableOverDrive
                0x0000000008002a64       0x7c Drivers/STM32F4xx_HAL_Driver/Src/stm32f4xx_hal_pwr_ex.o
                0x0000000008002a64                HAL_PWREx_EnableOverDrive
 .text.HAL_RCC_OscConfig
                0x0000000008002ae0      0x3bc Drivers/STM32F4xx_HAL_Driver/Src/stm32f4xx_hal_rcc.o
                0x0000000008002ae0                HAL_RCC_OscConfig
 .text.HAL_RCC_GetSysClockFreq
                0x0000000008002e9c       0x6c Drivers/STM32F4xx_HAL_Driver/Src/stm32f4xx_hal_rcc.o
                0x0000000008002e9c                HAL_RCC_GetSysClockFreq
 .text.HAL_RCC_ClockConfig
                0x0000000008002f08      0x13c Drivers/STM32F4xx_HAL_Driver/Src/stm32f4xx_hal_rcc.o
                0x0000000008002f08                HAL_RCC_ClockConfig
 .text.HAL_RCC_GetPCLK1Freq
                0x0000000008003044       0x20 Drivers/STM32F4xx_HAL_Driver/Src/stm32f4xx_hal_rcc.o
                0x0000000008003044                HAL_RCC_GetPCLK1Freq
 .text.HAL_RCC_GetPCLK2Freq
                0x0000000008003064       0x20 Drivers/STM32F4xx_HAL_Driver/Src/stm32f4xx_hal_rcc.o
                0x0000000008003064                HAL_RCC_GetPCLK2Freq
 .text.HAL_SPI_Init
                0x0000000008003084       0x80 Drivers/STM32F4xx_HAL_Driver/Src/stm32f4xx_hal_spi.o
                0x0000000008003084                HAL_SPI_Init
 .text.HAL_SPI_TransmitReceive
                0x0000000008003104      0x37c Drivers/STM32F4xx_HAL_Driver/Src/stm32f4xx_hal_spi.o
                0x0000000008003104                HAL_SPI_TransmitReceive
 .text.HAL_UART_Init
                0x0000000008003480      0x144 Drivers/STM32F4xx_HAL_Driver/Src/stm32f4xx_hal_uart.o
                0x0000000008003480                HAL_UART_Init
 .text.HAL_UART_Transmit
                0x00000000080035c4      0x11c Drivers/STM32F4xx_HAL_Driver/Src/stm32f4xx_hal_uart.o
                0x00000000080035c4                HAL_UART_Transmit
 .text.__errno  0x00000000080036e0        0xc c:/stm32toolchain/stm32cubeide_1.3.0/stm32cubeide/plugins/com.st.stm32cube.ide.mcu.externaltools.gnu-tools-for-stm32.7-2018-q2-update.win32_1.0.0.201904181610/tools/bin/../lib/gcc/arm-none-eabi/7.3.1/../../../../arm-none-eabi/lib/thumb/v7e-m/fpv4-sp/hard\libc_nano.a(lib_a-errno.o)
                0x00000000080036e0                __errno
 .text.__libc_init_array
                0x00000000080036ec       0x48 c:/stm32toolchain/stm32cubeide_1.3.0/stm32cubeide/plugins/com.st.stm32cube.ide.mcu.externaltools.gnu-tools-for-stm32.7-2018-q2-update.win32_1.0.0.201904181610/tools/bin/../lib/gcc/arm-none-eabi/7.3.1/../../../../arm-none-eabi/lib/thumb/v7e-m/fpv4-sp/hard\libc_nano.a(lib_a-init.o)
                0x00000000080036ec                __libc_init_array
 .text.memset   0x0000000008003734       0x10 c:/stm32toolchain/stm32cubeide_1.3.0/stm32cubeide/plugins/com.st.stm32cube.ide.mcu.externaltools.gnu-tools-for-stm32.7-2018-q2-update.win32_1.0.0.201904181610/tools/bin/../lib/gcc/arm-none-eabi/7.3.1/../../../../arm-none-eabi/lib/thumb/v7e-m/fpv4-sp/hard\libc_nano.a(lib_a-memset.o)
                0x0000000008003734                memset
 .text.printf   0x0000000008003744       0x30 c:/stm32toolchain/stm32cubeide_1.3.0/stm32cubeide/plugins/com.st.stm32cube.ide.mcu.externaltools.gnu-tools-for-stm32.7-2018-q2-update.win32_1.0.0.201904181610/tools/bin/../lib/gcc/arm-none-eabi/7.3.1/../../../../arm-none-eabi/lib/thumb/v7e-m/fpv4-sp/hard\libc_nano.a(lib_a-printf.o)
                0x0000000008003744                iprintf
                0x0000000008003744                printf
 .text.std      0x0000000008003774       0x48 c:/stm32toolchain/stm32cubeide_1.3.0/stm32cubeide/plugins/com.st.stm32cube.ide.mcu.externaltools.gnu-tools-for-stm32.7-2018-q2-update.win32_1.0.0.201904181610/tools/bin/../lib/gcc/arm-none-eabi/7.3.1/../../../../arm-none-eabi/lib/thumb/v7e-m/fpv4-sp/hard\libc_nano.a(lib_a-findfp.o)
 .text._cleanup_r
                0x00000000080037bc        0xc c:/stm32toolchain/stm32cubeide_1.3.0/stm32cubeide/plugins/com.st.stm32cube.ide.mcu.externaltools.gnu-tools-for-stm32.7-2018-q2-update.win32_1.0.0.201904181610/tools/bin/../lib/gcc/arm-none-eabi/7.3.1/../../../../arm-none-eabi/lib/thumb/v7e-m/fpv4-sp/hard\libc_nano.a(lib_a-findfp.o)
                0x00000000080037bc                _cleanup_r
 .text.__sfmoreglue
                0x00000000080037c8       0x2c c:/stm32toolchain/stm32cubeide_1.3.0/stm32cubeide/plugins/com.st.stm32cube.ide.mcu.externaltools.gnu-tools-for-stm32.7-2018-q2-update.win32_1.0.0.201904181610/tools/bin/../lib/gcc/arm-none-eabi/7.3.1/../../../../arm-none-eabi/lib/thumb/v7e-m/fpv4-sp/hard\libc_nano.a(lib_a-findfp.o)
                0x00000000080037c8                __sfmoreglue
 .text.__sinit  0x00000000080037f4       0x60 c:/stm32toolchain/stm32cubeide_1.3.0/stm32cubeide/plugins/com.st.stm32cube.ide.mcu.externaltools.gnu-tools-for-stm32.7-2018-q2-update.win32_1.0.0.201904181610/tools/bin/../lib/gcc/arm-none-eabi/7.3.1/../../../../arm-none-eabi/lib/thumb/v7e-m/fpv4-sp/hard\libc_nano.a(lib_a-findfp.o)
                0x00000000080037f4                __sinit
 .text.__sfp    0x0000000008003854       0x78 c:/stm32toolchain/stm32cubeide_1.3.0/stm32cubeide/plugins/com.st.stm32cube.ide.mcu.externaltools.gnu-tools-for-stm32.7-2018-q2-update.win32_1.0.0.201904181610/tools/bin/../lib/gcc/arm-none-eabi/7.3.1/../../../../arm-none-eabi/lib/thumb/v7e-m/fpv4-sp/hard\libc_nano.a(lib_a-findfp.o)
                0x0000000008003854                __sfp
 .text._fwalk_reent
                0x00000000080038cc       0x3c c:/stm32toolchain/stm32cubeide_1.3.0/stm32cubeide/plugins/com.st.stm32cube.ide.mcu.externaltools.gnu-tools-for-stm32.7-2018-q2-update.win32_1.0.0.201904181610/tools/bin/../lib/gcc/arm-none-eabi/7.3.1/../../../../arm-none-eabi/lib/thumb/v7e-m/fpv4-sp/hard\libc_nano.a(lib_a-fwalk.o)
                0x00000000080038cc                _fwalk_reent
 .text._malloc_r
                0x0000000008003908       0xb4 c:/stm32toolchain/stm32cubeide_1.3.0/stm32cubeide/plugins/com.st.stm32cube.ide.mcu.externaltools.gnu-tools-for-stm32.7-2018-q2-update.win32_1.0.0.201904181610/tools/bin/../lib/gcc/arm-none-eabi/7.3.1/../../../../arm-none-eabi/lib/thumb/v7e-m/fpv4-sp/hard\libc_nano.a(lib_a-nano-mallocr.o)
                0x0000000008003908                _malloc_r
 .text.__sfputc_r
                0x00000000080039bc       0x2e c:/stm32toolchain/stm32cubeide_1.3.0/stm32cubeide/plugins/com.st.stm32cube.ide.mcu.externaltools.gnu-tools-for-stm32.7-2018-q2-update.win32_1.0.0.201904181610/tools/bin/../lib/gcc/arm-none-eabi/7.3.1/../../../../arm-none-eabi/lib/thumb/v7e-m/fpv4-sp/hard\libc_nano.a(lib_a-nano-vfprintf.o)
 .text.__sfputs_r
                0x00000000080039ea       0x24 c:/stm32toolchain/stm32cubeide_1.3.0/stm32cubeide/plugins/com.st.stm32cube.ide.mcu.externaltools.gnu-tools-for-stm32.7-2018-q2-update.win32_1.0.0.201904181610/tools/bin/../lib/gcc/arm-none-eabi/7.3.1/../../../../arm-none-eabi/lib/thumb/v7e-m/fpv4-sp/hard\libc_nano.a(lib_a-nano-vfprintf.o)
                0x00000000080039ea                __sfputs_r
 *fill*         0x0000000008003a0e        0x2 
 .text._vfprintf_r
                0x0000000008003a10      0x22c c:/stm32toolchain/stm32cubeide_1.3.0/stm32cubeide/plugins/com.st.stm32cube.ide.mcu.externaltools.gnu-tools-for-stm32.7-2018-q2-update.win32_1.0.0.201904181610/tools/bin/../lib/gcc/arm-none-eabi/7.3.1/../../../../arm-none-eabi/lib/thumb/v7e-m/fpv4-sp/hard\libc_nano.a(lib_a-nano-vfprintf.o)
                0x0000000008003a10                _vfprintf_r
                0x0000000008003a10                _vfiprintf_r
 .text._printf_common
                0x0000000008003c3c       0xea c:/stm32toolchain/stm32cubeide_1.3.0/stm32cubeide/plugins/com.st.stm32cube.ide.mcu.externaltools.gnu-tools-for-stm32.7-2018-q2-update.win32_1.0.0.201904181610/tools/bin/../lib/gcc/arm-none-eabi/7.3.1/../../../../arm-none-eabi/lib/thumb/v7e-m/fpv4-sp/hard\libc_nano.a(lib_a-nano-vfprintf_i.o)
                0x0000000008003c3c                _printf_common
 *fill*         0x0000000008003d26        0x2 
 .text._printf_i
                0x0000000008003d28      0x224 c:/stm32toolchain/stm32cubeide_1.3.0/stm32cubeide/plugins/com.st.stm32cube.ide.mcu.externaltools.gnu-tools-for-stm32.7-2018-q2-update.win32_1.0.0.201904181610/tools/bin/../lib/gcc/arm-none-eabi/7.3.1/../../../../arm-none-eabi/lib/thumb/v7e-m/fpv4-sp/hard\libc_nano.a(lib_a-nano-vfprintf_i.o)
                0x0000000008003d28                _printf_i
 .text._sbrk_r  0x0000000008003f4c       0x20 c:/stm32toolchain/stm32cubeide_1.3.0/stm32cubeide/plugins/com.st.stm32cube.ide.mcu.externaltools.gnu-tools-for-stm32.7-2018-q2-update.win32_1.0.0.201904181610/tools/bin/../lib/gcc/arm-none-eabi/7.3.1/../../../../arm-none-eabi/lib/thumb/v7e-m/fpv4-sp/hard\libc_nano.a(lib_a-sbrkr.o)
                0x0000000008003f4c                _sbrk_r
 .text.__sread  0x0000000008003f6c       0x22 c:/stm32toolchain/stm32cubeide_1.3.0/stm32cubeide/plugins/com.st.stm32cube.ide.mcu.externaltools.gnu-tools-for-stm32.7-2018-q2-update.win32_1.0.0.201904181610/tools/bin/../lib/gcc/arm-none-eabi/7.3.1/../../../../arm-none-eabi/lib/thumb/v7e-m/fpv4-sp/hard\libc_nano.a(lib_a-stdio.o)
                0x0000000008003f6c                __sread
 .text.__swrite
                0x0000000008003f8e       0x38 c:/stm32toolchain/stm32cubeide_1.3.0/stm32cubeide/plugins/com.st.stm32cube.ide.mcu.externaltools.gnu-tools-for-stm32.7-2018-q2-update.win32_1.0.0.201904181610/tools/bin/../lib/gcc/arm-none-eabi/7.3.1/../../../../arm-none-eabi/lib/thumb/v7e-m/fpv4-sp/hard\libc_nano.a(lib_a-stdio.o)
                0x0000000008003f8e                __swrite
 .text.__sseek  0x0000000008003fc6       0x24 c:/stm32toolchain/stm32cubeide_1.3.0/stm32cubeide/plugins/com.st.stm32cube.ide.mcu.externaltools.gnu-tools-for-stm32.7-2018-q2-update.win32_1.0.0.201904181610/tools/bin/../lib/gcc/arm-none-eabi/7.3.1/../../../../arm-none-eabi/lib/thumb/v7e-m/fpv4-sp/hard\libc_nano.a(lib_a-stdio.o)
                0x0000000008003fc6                __sseek
 .text.__sclose
                0x0000000008003fea        0x8 c:/stm32toolchain/stm32cubeide_1.3.0/stm32cubeide/plugins/com.st.stm32cube.ide.mcu.externaltools.gnu-tools-for-stm32.7-2018-q2-update.win32_1.0.0.201904181610/tools/bin/../lib/gcc/arm-none-eabi/7.3.1/../../../../arm-none-eabi/lib/thumb/v7e-m/fpv4-sp/hard\libc_nano.a(lib_a-stdio.o)
                0x0000000008003fea                __sclose
 *fill*         0x0000000008003ff2        0x2 
 .text.__swbuf_r
                0x0000000008003ff4       0xa4 c:/stm32toolchain/stm32cubeide_1.3.0/stm32cubeide/plugins/com.st.stm32cube.ide.mcu.externaltools.gnu-tools-for-stm32.7-2018-q2-update.win32_1.0.0.201904181610/tools/bin/../lib/gcc/arm-none-eabi/7.3.1/../../../../arm-none-eabi/lib/thumb/v7e-m/fpv4-sp/hard\libc_nano.a(lib_a-wbuf.o)
                0x0000000008003ff4                __swbuf_r
 .text._write_r
                0x0000000008004098       0x24 c:/stm32toolchain/stm32cubeide_1.3.0/stm32cubeide/plugins/com.st.stm32cube.ide.mcu.externaltools.gnu-tools-for-stm32.7-2018-q2-update.win32_1.0.0.201904181610/tools/bin/../lib/gcc/arm-none-eabi/7.3.1/../../../../arm-none-eabi/lib/thumb/v7e-m/fpv4-sp/hard\libc_nano.a(lib_a-writer.o)
                0x0000000008004098                _write_r
 .text.__swsetup_r
                0x00000000080040bc       0xdc c:/stm32toolchain/stm32cubeide_1.3.0/stm32cubeide/plugins/com.st.stm32cube.ide.mcu.externaltools.gnu-tools-for-stm32.7-2018-q2-update.win32_1.0.0.201904181610/tools/bin/../lib/gcc/arm-none-eabi/7.3.1/../../../../arm-none-eabi/lib/thumb/v7e-m/fpv4-sp/hard\libc_nano.a(lib_a-wsetup.o)
                0x00000000080040bc                __swsetup_r
 .text._close_r
                0x0000000008004198       0x20 c:/stm32toolchain/stm32cubeide_1.3.0/stm32cubeide/plugins/com.st.stm32cube.ide.mcu.externaltools.gnu-tools-for-stm32.7-2018-q2-update.win32_1.0.0.201904181610/tools/bin/../lib/gcc/arm-none-eabi/7.3.1/../../../../arm-none-eabi/lib/thumb/v7e-m/fpv4-sp/hard\libc_nano.a(lib_a-closer.o)
                0x0000000008004198                _close_r
 .text.__sflush_r
                0x00000000080041b8      0x10c c:/stm32toolchain/stm32cubeide_1.3.0/stm32cubeide/plugins/com.st.stm32cube.ide.mcu.externaltools.gnu-tools-for-stm32.7-2018-q2-update.win32_1.0.0.201904181610/tools/bin/../lib/gcc/arm-none-eabi/7.3.1/../../../../arm-none-eabi/lib/thumb/v7e-m/fpv4-sp/hard\libc_nano.a(lib_a-fflush.o)
                0x00000000080041b8                __sflush_r
 .text._fflush_r
                0x00000000080042c4       0x54 c:/stm32toolchain/stm32cubeide_1.3.0/stm32cubeide/plugins/com.st.stm32cube.ide.mcu.externaltools.gnu-tools-for-stm32.7-2018-q2-update.win32_1.0.0.201904181610/tools/bin/../lib/gcc/arm-none-eabi/7.3.1/../../../../arm-none-eabi/lib/thumb/v7e-m/fpv4-sp/hard\libc_nano.a(lib_a-fflush.o)
                0x00000000080042c4                _fflush_r
 .text._lseek_r
                0x0000000008004318       0x24 c:/stm32toolchain/stm32cubeide_1.3.0/stm32cubeide/plugins/com.st.stm32cube.ide.mcu.externaltools.gnu-tools-for-stm32.7-2018-q2-update.win32_1.0.0.201904181610/tools/bin/../lib/gcc/arm-none-eabi/7.3.1/../../../../arm-none-eabi/lib/thumb/v7e-m/fpv4-sp/hard\libc_nano.a(lib_a-lseekr.o)
                0x0000000008004318                _lseek_r
 .text.__swhatbuf_r
                0x000000000800433c       0x48 c:/stm32toolchain/stm32cubeide_1.3.0/stm32cubeide/plugins/com.st.stm32cube.ide.mcu.externaltools.gnu-tools-for-stm32.7-2018-q2-update.win32_1.0.0.201904181610/tools/bin/../lib/gcc/arm-none-eabi/7.3.1/../../../../arm-none-eabi/lib/thumb/v7e-m/fpv4-sp/hard\libc_nano.a(lib_a-makebuf.o)
                0x000000000800433c                __swhatbuf_r
 .text.__smakebuf_r
                0x0000000008004384       0x80 c:/stm32toolchain/stm32cubeide_1.3.0/stm32cubeide/plugins/com.st.stm32cube.ide.mcu.externaltools.gnu-tools-for-stm32.7-2018-q2-update.win32_1.0.0.201904181610/tools/bin/../lib/gcc/arm-none-eabi/7.3.1/../../../../arm-none-eabi/lib/thumb/v7e-m/fpv4-sp/hard\libc_nano.a(lib_a-makebuf.o)
                0x0000000008004384                __smakebuf_r
 .text.__malloc_lock
                0x0000000008004404        0x2 c:/stm32toolchain/stm32cubeide_1.3.0/stm32cubeide/plugins/com.st.stm32cube.ide.mcu.externaltools.gnu-tools-for-stm32.7-2018-q2-update.win32_1.0.0.201904181610/tools/bin/../lib/gcc/arm-none-eabi/7.3.1/../../../../arm-none-eabi/lib/thumb/v7e-m/fpv4-sp/hard\libc_nano.a(lib_a-mlock.o)
                0x0000000008004404                __malloc_lock
 .text.__malloc_unlock
                0x0000000008004406        0x2 c:/stm32toolchain/stm32cubeide_1.3.0/stm32cubeide/plugins/com.st.stm32cube.ide.mcu.externaltools.gnu-tools-for-stm32.7-2018-q2-update.win32_1.0.0.201904181610/tools/bin/../lib/gcc/arm-none-eabi/7.3.1/../../../../arm-none-eabi/lib/thumb/v7e-m/fpv4-sp/hard\libc_nano.a(lib_a-mlock.o)
                0x0000000008004406                __malloc_unlock
 .text._free_r  0x0000000008004408       0x9c c:/stm32toolchain/stm32cubeide_1.3.0/stm32cubeide/plugins/com.st.stm32cube.ide.mcu.externaltools.gnu-tools-for-stm32.7-2018-q2-update.win32_1.0.0.201904181610/tools/bin/../lib/gcc/arm-none-eabi/7.3.1/../../../../arm-none-eabi/lib/thumb/v7e-m/fpv4-sp/hard\libc_nano.a(lib_a-nano-freer.o)
                0x0000000008004408                _free_r
 .text._read_r  0x00000000080044a4       0x24 c:/stm32toolchain/stm32cubeide_1.3.0/stm32cubeide/plugins/com.st.stm32cube.ide.mcu.externaltools.gnu-tools-for-stm32.7-2018-q2-update.win32_1.0.0.201904181610/tools/bin/../lib/gcc/arm-none-eabi/7.3.1/../../../../arm-none-eabi/lib/thumb/v7e-m/fpv4-sp/hard\libc_nano.a(lib_a-readr.o)
                0x00000000080044a4                _read_r
 .text._fstat_r
                0x00000000080044c8       0x24 c:/stm32toolchain/stm32cubeide_1.3.0/stm32cubeide/plugins/com.st.stm32cube.ide.mcu.externaltools.gnu-tools-for-stm32.7-2018-q2-update.win32_1.0.0.201904181610/tools/bin/../lib/gcc/arm-none-eabi/7.3.1/../../../../arm-none-eabi/lib/thumb/v7e-m/fpv4-sp/hard\libc_nano.a(lib_a-fstatr.o)
                0x00000000080044c8                _fstat_r
 .text._isatty_r
                0x00000000080044ec       0x20 c:/stm32toolchain/stm32cubeide_1.3.0/stm32cubeide/plugins/com.st.stm32cube.ide.mcu.externaltools.gnu-tools-for-stm32.7-2018-q2-update.win32_1.0.0.201904181610/tools/bin/../lib/gcc/arm-none-eabi/7.3.1/../../../../arm-none-eabi/lib/thumb/v7e-m/fpv4-sp/hard\libc_nano.a(lib_a-isattyr.o)
                0x00000000080044ec                _isatty_r
 *(.glue_7)
 .glue_7        0x000000000800450c        0x0 linker stubs
 *(.glue_7t)
 .glue_7t       0x000000000800450c        0x0 linker stubs
 *(.eh_frame)
 .eh_frame      0x000000000800450c        0x0 c:/stm32toolchain/stm32cubeide_1.3.0/stm32cubeide/plugins/com.st.stm32cube.ide.mcu.externaltools.gnu-tools-for-stm32.7-2018-q2-update.win32_1.0.0.201904181610/tools/bin/../lib/gcc/arm-none-eabi/7.3.1/thumb/v7e-m/fpv4-sp/hard/crtbegin.o
 *(.init)
 .init          0x000000000800450c        0x4 c:/stm32toolchain/stm32cubeide_1.3.0/stm32cubeide/plugins/com.st.stm32cube.ide.mcu.externaltools.gnu-tools-for-stm32.7-2018-q2-update.win32_1.0.0.201904181610/tools/bin/../lib/gcc/arm-none-eabi/7.3.1/thumb/v7e-m/fpv4-sp/hard/crti.o
                0x000000000800450c                _init
 .init          0x0000000008004510        0x8 c:/stm32toolchain/stm32cubeide_1.3.0/stm32cubeide/plugins/com.st.stm32cube.ide.mcu.externaltools.gnu-tools-for-stm32.7-2018-q2-update.win32_1.0.0.201904181610/tools/bin/../lib/gcc/arm-none-eabi/7.3.1/thumb/v7e-m/fpv4-sp/hard/crtn.o
 *(.fini)
 .fini          0x0000000008004518        0x4 c:/stm32toolchain/stm32cubeide_1.3.0/stm32cubeide/plugins/com.st.stm32cube.ide.mcu.externaltools.gnu-tools-for-stm32.7-2018-q2-update.win32_1.0.0.201904181610/tools/bin/../lib/gcc/arm-none-eabi/7.3.1/thumb/v7e-m/fpv4-sp/hard/crti.o
                0x0000000008004518                _fini
 .fini          0x000000000800451c        0x8 c:/stm32toolchain/stm32cubeide_1.3.0/stm32cubeide/plugins/com.st.stm32cube.ide.mcu.externaltools.gnu-tools-for-stm32.7-2018-q2-update.win32_1.0.0.201904181610/tools/bin/../lib/gcc/arm-none-eabi/7.3.1/thumb/v7e-m/fpv4-sp/hard/crtn.o
                0x0000000008004524                . = ALIGN (0x4)
                0x0000000008004524                _etext = .

.vfp11_veneer   0x0000000008004524        0x0
 .vfp11_veneer  0x0000000008004524        0x0 linker stubs

.v4_bx          0x0000000008004524        0x0
 .v4_bx         0x0000000008004524        0x0 linker stubs

.iplt           0x0000000008004524        0x0
 .iplt          0x0000000008004524        0x0 c:/stm32toolchain/stm32cubeide_1.3.0/stm32cubeide/plugins/com.st.stm32cube.ide.mcu.externaltools.gnu-tools-for-stm32.7-2018-q2-update.win32_1.0.0.201904181610/tools/bin/../lib/gcc/arm-none-eabi/7.3.1/thumb/v7e-m/fpv4-sp/hard/crtbegin.o

.rodata         0x0000000008004524       0xf0
                0x0000000008004524                . = ALIGN (0x4)
 *(.rodata)
 *(.rodata*)
 .rodata.main.str1.4
                0x0000000008004524       0x40 Core/Src/main.o
                                         0x3e (size before relaxing)
 .rodata.AHBPrescTable
                0x0000000008004564       0x10 Core/Src/system_stm32f4xx.o
                0x0000000008004564                AHBPrescTable
 .rodata.APBPrescTable
                0x0000000008004574        0x8 Core/Src/system_stm32f4xx.o
                0x0000000008004574                APBPrescTable
 .rodata._global_impure_ptr
                0x000000000800457c        0x4 c:/stm32toolchain/stm32cubeide_1.3.0/stm32cubeide/plugins/com.st.stm32cube.ide.mcu.externaltools.gnu-tools-for-stm32.7-2018-q2-update.win32_1.0.0.201904181610/tools/bin/../lib/gcc/arm-none-eabi/7.3.1/../../../../arm-none-eabi/lib/thumb/v7e-m/fpv4-sp/hard\libc_nano.a(lib_a-impure.o)
                0x000000000800457c                _global_impure_ptr
 .rodata.__sf_fake_stderr
                0x0000000008004580       0x20 c:/stm32toolchain/stm32cubeide_1.3.0/stm32cubeide/plugins/com.st.stm32cube.ide.mcu.externaltools.gnu-tools-for-stm32.7-2018-q2-update.win32_1.0.0.201904181610/tools/bin/../lib/gcc/arm-none-eabi/7.3.1/../../../../arm-none-eabi/lib/thumb/v7e-m/fpv4-sp/hard\libc_nano.a(lib_a-findfp.o)
                0x0000000008004580                __sf_fake_stderr
 .rodata.__sf_fake_stdin
                0x00000000080045a0       0x20 c:/stm32toolchain/stm32cubeide_1.3.0/stm32cubeide/plugins/com.st.stm32cube.ide.mcu.externaltools.gnu-tools-for-stm32.7-2018-q2-update.win32_1.0.0.201904181610/tools/bin/../lib/gcc/arm-none-eabi/7.3.1/../../../../arm-none-eabi/lib/thumb/v7e-m/fpv4-sp/hard\libc_nano.a(lib_a-findfp.o)
                0x00000000080045a0                __sf_fake_stdin
 .rodata.__sf_fake_stdout
                0x00000000080045c0       0x20 c:/stm32toolchain/stm32cubeide_1.3.0/stm32cubeide/plugins/com.st.stm32cube.ide.mcu.externaltools.gnu-tools-for-stm32.7-2018-q2-update.win32_1.0.0.201904181610/tools/bin/../lib/gcc/arm-none-eabi/7.3.1/../../../../arm-none-eabi/lib/thumb/v7e-m/fpv4-sp/hard\libc_nano.a(lib_a-findfp.o)
                0x00000000080045c0                __sf_fake_stdout
 .rodata._vfprintf_r.str1.1
                0x00000000080045e0       0x11 c:/stm32toolchain/stm32cubeide_1.3.0/stm32cubeide/plugins/com.st.stm32cube.ide.mcu.externaltools.gnu-tools-for-stm32.7-2018-q2-update.win32_1.0.0.201904181610/tools/bin/../lib/gcc/arm-none-eabi/7.3.1/../../../../arm-none-eabi/lib/thumb/v7e-m/fpv4-sp/hard\libc_nano.a(lib_a-nano-vfprintf.o)
 .rodata._printf_i.str1.1
                0x00000000080045f1       0x22 c:/stm32toolchain/stm32cubeide_1.3.0/stm32cubeide/plugins/com.st.stm32cube.ide.mcu.externaltools.gnu-tools-for-stm32.7-2018-q2-update.win32_1.0.0.201904181610/tools/bin/../lib/gcc/arm-none-eabi/7.3.1/../../../../arm-none-eabi/lib/thumb/v7e-m/fpv4-sp/hard\libc_nano.a(lib_a-nano-vfprintf_i.o)
                0x0000000008004614                . = ALIGN (0x4)
 *fill*         0x0000000008004613        0x1 

.ARM.extab      0x0000000008004614        0x0
                0x0000000008004614                . = ALIGN (0x4)
 *(.ARM.extab* .gnu.linkonce.armextab.*)
                0x0000000008004614                . = ALIGN (0x4)

.ARM            0x0000000008004614        0x8
                0x0000000008004614                . = ALIGN (0x4)
                0x0000000008004614                __exidx_start = .
 *(.ARM.exidx*)
 .ARM.exidx     0x0000000008004614        0x8 c:/stm32toolchain/stm32cubeide_1.3.0/stm32cubeide/plugins/com.st.stm32cube.ide.mcu.externaltools.gnu-tools-for-stm32.7-2018-q2-update.win32_1.0.0.201904181610/tools/bin/../lib/gcc/arm-none-eabi/7.3.1/thumb/v7e-m/fpv4-sp/hard\libgcc.a(_udivmoddi4.o)
                0x000000000800461c                __exidx_end = .
                0x000000000800461c                . = ALIGN (0x4)

.rel.dyn        0x000000000800461c        0x0
 .rel.iplt      0x000000000800461c        0x0 c:/stm32toolchain/stm32cubeide_1.3.0/stm32cubeide/plugins/com.st.stm32cube.ide.mcu.externaltools.gnu-tools-for-stm32.7-2018-q2-update.win32_1.0.0.201904181610/tools/bin/../lib/gcc/arm-none-eabi/7.3.1/thumb/v7e-m/fpv4-sp/hard/crtbegin.o

.preinit_array  0x000000000800461c        0x0
                0x000000000800461c                . = ALIGN (0x4)
                0x000000000800461c                PROVIDE (__preinit_array_start = .)
 *(.preinit_array*)
                0x000000000800461c                PROVIDE (__preinit_array_end = .)
                0x000000000800461c                . = ALIGN (0x4)

.init_array     0x000000000800461c        0x4
                0x000000000800461c                . = ALIGN (0x4)
                0x000000000800461c                PROVIDE (__init_array_start = .)
 *(SORT_BY_NAME(.init_array.*))
 *(.init_array*)
 .init_array    0x000000000800461c        0x4 c:/stm32toolchain/stm32cubeide_1.3.0/stm32cubeide/plugins/com.st.stm32cube.ide.mcu.externaltools.gnu-tools-for-stm32.7-2018-q2-update.win32_1.0.0.201904181610/tools/bin/../lib/gcc/arm-none-eabi/7.3.1/thumb/v7e-m/fpv4-sp/hard/crtbegin.o
                0x0000000008004620                PROVIDE (__init_array_end = .)
                0x0000000008004620                . = ALIGN (0x4)

.fini_array     0x0000000008004620        0x4
                0x0000000008004620                . = ALIGN (0x4)
                [!provide]                        PROVIDE (__fini_array_start = .)
 *(SORT_BY_NAME(.fini_array.*))
 *(.fini_array*)
 .fini_array    0x0000000008004620        0x4 c:/stm32toolchain/stm32cubeide_1.3.0/stm32cubeide/plugins/com.st.stm32cube.ide.mcu.externaltools.gnu-tools-for-stm32.7-2018-q2-update.win32_1.0.0.201904181610/tools/bin/../lib/gcc/arm-none-eabi/7.3.1/thumb/v7e-m/fpv4-sp/hard/crtbegin.o
                [!provide]                        PROVIDE (__fini_array_end = .)
                0x0000000008004624                . = ALIGN (0x4)
                0x0000000008004624                _sidata = LOADADDR (.data)

.data           0x0000000020000000     0x2c30 load address 0x0000000008004624
                0x0000000020000000                . = ALIGN (0x4)
                0x0000000020000000                _sdata = .
 *(.data)
 *(.data*)
 .data.errMesage
                0x0000000020000000     0x2bc0 Core/Src/as5047p.o
 .data.SystemCoreClock
                0x0000000020002bc0        0x4 Core/Src/system_stm32f4xx.o
                0x0000000020002bc0                SystemCoreClock
 .data.uwTickFreq
                0x0000000020002bc4        0x1 Drivers/STM32F4xx_HAL_Driver/Src/stm32f4xx_hal.o
                0x0000000020002bc4                uwTickFreq
 *fill*         0x0000000020002bc5        0x3 
 .data.uwTickPrio
                0x0000000020002bc8        0x4 Drivers/STM32F4xx_HAL_Driver/Src/stm32f4xx_hal.o
                0x0000000020002bc8                uwTickPrio
 .data._impure_ptr
                0x0000000020002bcc        0x4 c:/stm32toolchain/stm32cubeide_1.3.0/stm32cubeide/plugins/com.st.stm32cube.ide.mcu.externaltools.gnu-tools-for-stm32.7-2018-q2-update.win32_1.0.0.201904181610/tools/bin/../lib/gcc/arm-none-eabi/7.3.1/../../../../arm-none-eabi/lib/thumb/v7e-m/fpv4-sp/hard\libc_nano.a(lib_a-impure.o)
                0x0000000020002bcc                _impure_ptr
 .data.impure_data
                0x0000000020002bd0       0x60 c:/stm32toolchain/stm32cubeide_1.3.0/stm32cubeide/plugins/com.st.stm32cube.ide.mcu.externaltools.gnu-tools-for-stm32.7-2018-q2-update.win32_1.0.0.201904181610/tools/bin/../lib/gcc/arm-none-eabi/7.3.1/../../../../arm-none-eabi/lib/thumb/v7e-m/fpv4-sp/hard\libc_nano.a(lib_a-impure.o)
                0x0000000020002c30                . = ALIGN (0x4)
                0x0000000020002c30                _edata = .

.igot.plt       0x0000000020002c30        0x0 load address 0x0000000008007254
 .igot.plt      0x0000000020002c30        0x0 c:/stm32toolchain/stm32cubeide_1.3.0/stm32cubeide/plugins/com.st.stm32cube.ide.mcu.externaltools.gnu-tools-for-stm32.7-2018-q2-update.win32_1.0.0.201904181610/tools/bin/../lib/gcc/arm-none-eabi/7.3.1/thumb/v7e-m/fpv4-sp/hard/crtbegin.o
                0x0000000020002c30                . = ALIGN (0x4)

.bss            0x0000000020002c30       0xe8 load address 0x0000000008007254
                0x0000000020002c30                _sbss = .
                0x0000000020002c30                __bss_start__ = _sbss
 *(.bss)
 .bss           0x0000000020002c30       0x1c c:/stm32toolchain/stm32cubeide_1.3.0/stm32cubeide/plugins/com.st.stm32cube.ide.mcu.externaltools.gnu-tools-for-stm32.7-2018-q2-update.win32_1.0.0.201904181610/tools/bin/../lib/gcc/arm-none-eabi/7.3.1/thumb/v7e-m/fpv4-sp/hard/crtbegin.o
 *(.bss*)
 .bss.gpioPin   0x0000000020002c4c        0x2 Core/Src/as5047p_hal.o
 *fill*         0x0000000020002c4e        0x2 
 .bss.gpioPort  0x0000000020002c50        0x4 Core/Src/as5047p_hal.o
 .bss.handlerSPI
                0x0000000020002c54        0x4 Core/Src/as5047p_hal.o
 .bss.encInstanceA
                0x0000000020002c58       0x10 Core/Src/main.o
                0x0000000020002c58                encInstanceA
 .bss.heap_end.6424
                0x0000000020002c68        0x4 Core/Src/sysmem.o
 .bss.__malloc_free_list
                0x0000000020002c6c        0x4 c:/stm32toolchain/stm32cubeide_1.3.0/stm32cubeide/plugins/com.st.stm32cube.ide.mcu.externaltools.gnu-tools-for-stm32.7-2018-q2-update.win32_1.0.0.201904181610/tools/bin/../lib/gcc/arm-none-eabi/7.3.1/../../../../arm-none-eabi/lib/thumb/v7e-m/fpv4-sp/hard\libc_nano.a(lib_a-nano-mallocr.o)
                0x0000000020002c6c                __malloc_free_list
 .bss.__malloc_sbrk_start
                0x0000000020002c70        0x4 c:/stm32toolchain/stm32cubeide_1.3.0/stm32cubeide/plugins/com.st.stm32cube.ide.mcu.externaltools.gnu-tools-for-stm32.7-2018-q2-update.win32_1.0.0.201904181610/tools/bin/../lib/gcc/arm-none-eabi/7.3.1/../../../../arm-none-eabi/lib/thumb/v7e-m/fpv4-sp/hard\libc_nano.a(lib_a-nano-mallocr.o)
                0x0000000020002c70                __malloc_sbrk_start
 *(COMMON)
 COMMON         0x0000000020002c74        0x2 Core/Src/main.o
                0x0000000020002c74                encPositionA
 *fill*         0x0000000020002c76        0x2 
 COMMON         0x0000000020002c78       0x58 Core/Src/spi.o
                0x0000000020002c78                hspi4
 COMMON         0x0000000020002cd0       0x40 Core/Src/usart.o
                0x0000000020002cd0                huart3
 COMMON         0x0000000020002d10        0x4 Drivers/STM32F4xx_HAL_Driver/Src/stm32f4xx_hal.o
                0x0000000020002d10                uwTick
 COMMON         0x0000000020002d14        0x4 c:/stm32toolchain/stm32cubeide_1.3.0/stm32cubeide/plugins/com.st.stm32cube.ide.mcu.externaltools.gnu-tools-for-stm32.7-2018-q2-update.win32_1.0.0.201904181610/tools/bin/../lib/gcc/arm-none-eabi/7.3.1/../../../../arm-none-eabi/lib/thumb/v7e-m/fpv4-sp/hard\libc_nano.a(lib_a-reent.o)
                0x0000000020002d14                errno
                0x0000000020002d18                . = ALIGN (0x4)
                0x0000000020002d18                _ebss = .
                0x0000000020002d18                __bss_end__ = _ebss

._user_heap_stack
                0x0000000020002d18      0x600 load address 0x0000000008007254
                0x0000000020002d18                . = ALIGN (0x8)
                0x0000000020002d18                PROVIDE (end = .)
                [!provide]                        PROVIDE (_end = .)
                0x0000000020002f18                . = (. + _Min_Heap_Size)
 *fill*         0x0000000020002d18      0x200 
                0x0000000020003318                . = (. + _Min_Stack_Size)
 *fill*         0x0000000020002f18      0x400 
                0x0000000020003318                . = ALIGN (0x8)

/DISCARD/
 libc.a(*)
 libm.a(*)
 libgcc.a(*)

.ARM.attributes
                0x0000000000000000       0x30
 *(.ARM.attributes)
 .ARM.attributes
                0x0000000000000000       0x22 c:/stm32toolchain/stm32cubeide_1.3.0/stm32cubeide/plugins/com.st.stm32cube.ide.mcu.externaltools.gnu-tools-for-stm32.7-2018-q2-update.win32_1.0.0.201904181610/tools/bin/../lib/gcc/arm-none-eabi/7.3.1/thumb/v7e-m/fpv4-sp/hard/crti.o
 .ARM.attributes
                0x0000000000000022       0x34 c:/stm32toolchain/stm32cubeide_1.3.0/stm32cubeide/plugins/com.st.stm32cube.ide.mcu.externaltools.gnu-tools-for-stm32.7-2018-q2-update.win32_1.0.0.201904181610/tools/bin/../lib/gcc/arm-none-eabi/7.3.1/thumb/v7e-m/fpv4-sp/hard/crtbegin.o
 .ARM.attributes
                0x0000000000000056       0x39 Core/Src/as5047p.o
 .ARM.attributes
                0x000000000000008f       0x39 Core/Src/as5047p_hal.o
 .ARM.attributes
                0x00000000000000c8       0x39 Core/Src/gpio.o
 .ARM.attributes
                0x0000000000000101       0x39 Core/Src/main.o
 .ARM.attributes
                0x000000000000013a       0x39 Core/Src/spi.o
 .ARM.attributes
                0x0000000000000173       0x39 Core/Src/stm32f4xx_hal_msp.o
 .ARM.attributes
                0x00000000000001ac       0x39 Core/Src/stm32f4xx_it.o
 .ARM.attributes
                0x00000000000001e5       0x39 Core/Src/syscalls.o
 .ARM.attributes
                0x000000000000021e       0x39 Core/Src/sysmem.o
 .ARM.attributes
                0x0000000000000257       0x39 Core/Src/system_stm32f4xx.o
 .ARM.attributes
                0x0000000000000290       0x39 Core/Src/usart.o
 .ARM.attributes
                0x00000000000002c9       0x21 Core/Startup/startup_stm32f429zitx.o
 .ARM.attributes
                0x00000000000002ea       0x39 Drivers/STM32F4xx_HAL_Driver/Src/stm32f4xx_hal.o
 .ARM.attributes
                0x0000000000000323       0x39 Drivers/STM32F4xx_HAL_Driver/Src/stm32f4xx_hal_cortex.o
 .ARM.attributes
                0x000000000000035c       0x39 Drivers/STM32F4xx_HAL_Driver/Src/stm32f4xx_hal_gpio.o
 .ARM.attributes
                0x0000000000000395       0x39 Drivers/STM32F4xx_HAL_Driver/Src/stm32f4xx_hal_pwr_ex.o
 .ARM.attributes
                0x00000000000003ce       0x39 Drivers/STM32F4xx_HAL_Driver/Src/stm32f4xx_hal_rcc.o
 .ARM.attributes
                0x0000000000000407       0x39 Drivers/STM32F4xx_HAL_Driver/Src/stm32f4xx_hal_spi.o
 .ARM.attributes
                0x0000000000000440       0x39 Drivers/STM32F4xx_HAL_Driver/Src/stm32f4xx_hal_uart.o
 .ARM.attributes
                0x0000000000000479       0x34 c:/stm32toolchain/stm32cubeide_1.3.0/stm32cubeide/plugins/com.st.stm32cube.ide.mcu.externaltools.gnu-tools-for-stm32.7-2018-q2-update.win32_1.0.0.201904181610/tools/bin/../lib/gcc/arm-none-eabi/7.3.1/../../../../arm-none-eabi/lib/thumb/v7e-m/fpv4-sp/hard\libc_nano.a(lib_a-errno.o)
 .ARM.attributes
                0x00000000000004ad       0x34 c:/stm32toolchain/stm32cubeide_1.3.0/stm32cubeide/plugins/com.st.stm32cube.ide.mcu.externaltools.gnu-tools-for-stm32.7-2018-q2-update.win32_1.0.0.201904181610/tools/bin/../lib/gcc/arm-none-eabi/7.3.1/../../../../arm-none-eabi/lib/thumb/v7e-m/fpv4-sp/hard\libc_nano.a(lib_a-impure.o)
 .ARM.attributes
                0x00000000000004e1       0x34 c:/stm32toolchain/stm32cubeide_1.3.0/stm32cubeide/plugins/com.st.stm32cube.ide.mcu.externaltools.gnu-tools-for-stm32.7-2018-q2-update.win32_1.0.0.201904181610/tools/bin/../lib/gcc/arm-none-eabi/7.3.1/../../../../arm-none-eabi/lib/thumb/v7e-m/fpv4-sp/hard\libc_nano.a(lib_a-init.o)
 .ARM.attributes
                0x0000000000000515       0x34 c:/stm32toolchain/stm32cubeide_1.3.0/stm32cubeide/plugins/com.st.stm32cube.ide.mcu.externaltools.gnu-tools-for-stm32.7-2018-q2-update.win32_1.0.0.201904181610/tools/bin/../lib/gcc/arm-none-eabi/7.3.1/../../../../arm-none-eabi/lib/thumb/v7e-m/fpv4-sp/hard\libc_nano.a(lib_a-memset.o)
 .ARM.attributes
                0x0000000000000549       0x34 c:/stm32toolchain/stm32cubeide_1.3.0/stm32cubeide/plugins/com.st.stm32cube.ide.mcu.externaltools.gnu-tools-for-stm32.7-2018-q2-update.win32_1.0.0.201904181610/tools/bin/../lib/gcc/arm-none-eabi/7.3.1/../../../../arm-none-eabi/lib/thumb/v7e-m/fpv4-sp/hard\libc_nano.a(lib_a-printf.o)
 .ARM.attributes
                0x000000000000057d       0x34 c:/stm32toolchain/stm32cubeide_1.3.0/stm32cubeide/plugins/com.st.stm32cube.ide.mcu.externaltools.gnu-tools-for-stm32.7-2018-q2-update.win32_1.0.0.201904181610/tools/bin/../lib/gcc/arm-none-eabi/7.3.1/../../../../arm-none-eabi/lib/thumb/v7e-m/fpv4-sp/hard\libc_nano.a(lib_a-findfp.o)
 .ARM.attributes
                0x00000000000005b1       0x34 c:/stm32toolchain/stm32cubeide_1.3.0/stm32cubeide/plugins/com.st.stm32cube.ide.mcu.externaltools.gnu-tools-for-stm32.7-2018-q2-update.win32_1.0.0.201904181610/tools/bin/../lib/gcc/arm-none-eabi/7.3.1/../../../../arm-none-eabi/lib/thumb/v7e-m/fpv4-sp/hard\libc_nano.a(lib_a-fwalk.o)
 .ARM.attributes
                0x00000000000005e5       0x34 c:/stm32toolchain/stm32cubeide_1.3.0/stm32cubeide/plugins/com.st.stm32cube.ide.mcu.externaltools.gnu-tools-for-stm32.7-2018-q2-update.win32_1.0.0.201904181610/tools/bin/../lib/gcc/arm-none-eabi/7.3.1/../../../../arm-none-eabi/lib/thumb/v7e-m/fpv4-sp/hard\libc_nano.a(lib_a-nano-mallocr.o)
 .ARM.attributes
                0x0000000000000619       0x34 c:/stm32toolchain/stm32cubeide_1.3.0/stm32cubeide/plugins/com.st.stm32cube.ide.mcu.externaltools.gnu-tools-for-stm32.7-2018-q2-update.win32_1.0.0.201904181610/tools/bin/../lib/gcc/arm-none-eabi/7.3.1/../../../../arm-none-eabi/lib/thumb/v7e-m/fpv4-sp/hard\libc_nano.a(lib_a-nano-vfprintf.o)
 .ARM.attributes
                0x000000000000064d       0x34 c:/stm32toolchain/stm32cubeide_1.3.0/stm32cubeide/plugins/com.st.stm32cube.ide.mcu.externaltools.gnu-tools-for-stm32.7-2018-q2-update.win32_1.0.0.201904181610/tools/bin/../lib/gcc/arm-none-eabi/7.3.1/../../../../arm-none-eabi/lib/thumb/v7e-m/fpv4-sp/hard\libc_nano.a(lib_a-nano-vfprintf_i.o)
 .ARM.attributes
                0x0000000000000681       0x34 c:/stm32toolchain/stm32cubeide_1.3.0/stm32cubeide/plugins/com.st.stm32cube.ide.mcu.externaltools.gnu-tools-for-stm32.7-2018-q2-update.win32_1.0.0.201904181610/tools/bin/../lib/gcc/arm-none-eabi/7.3.1/../../../../arm-none-eabi/lib/thumb/v7e-m/fpv4-sp/hard\libc_nano.a(lib_a-sbrkr.o)
 .ARM.attributes
                0x00000000000006b5       0x34 c:/stm32toolchain/stm32cubeide_1.3.0/stm32cubeide/plugins/com.st.stm32cube.ide.mcu.externaltools.gnu-tools-for-stm32.7-2018-q2-update.win32_1.0.0.201904181610/tools/bin/../lib/gcc/arm-none-eabi/7.3.1/../../../../arm-none-eabi/lib/thumb/v7e-m/fpv4-sp/hard\libc_nano.a(lib_a-stdio.o)
 .ARM.attributes
                0x00000000000006e9       0x34 c:/stm32toolchain/stm32cubeide_1.3.0/stm32cubeide/plugins/com.st.stm32cube.ide.mcu.externaltools.gnu-tools-for-stm32.7-2018-q2-update.win32_1.0.0.201904181610/tools/bin/../lib/gcc/arm-none-eabi/7.3.1/../../../../arm-none-eabi/lib/thumb/v7e-m/fpv4-sp/hard\libc_nano.a(lib_a-wbuf.o)
 .ARM.attributes
                0x000000000000071d       0x34 c:/stm32toolchain/stm32cubeide_1.3.0/stm32cubeide/plugins/com.st.stm32cube.ide.mcu.externaltools.gnu-tools-for-stm32.7-2018-q2-update.win32_1.0.0.201904181610/tools/bin/../lib/gcc/arm-none-eabi/7.3.1/../../../../arm-none-eabi/lib/thumb/v7e-m/fpv4-sp/hard\libc_nano.a(lib_a-writer.o)
 .ARM.attributes
                0x0000000000000751       0x34 c:/stm32toolchain/stm32cubeide_1.3.0/stm32cubeide/plugins/com.st.stm32cube.ide.mcu.externaltools.gnu-tools-for-stm32.7-2018-q2-update.win32_1.0.0.201904181610/tools/bin/../lib/gcc/arm-none-eabi/7.3.1/../../../../arm-none-eabi/lib/thumb/v7e-m/fpv4-sp/hard\libc_nano.a(lib_a-wsetup.o)
 .ARM.attributes
                0x0000000000000785       0x34 c:/stm32toolchain/stm32cubeide_1.3.0/stm32cubeide/plugins/com.st.stm32cube.ide.mcu.externaltools.gnu-tools-for-stm32.7-2018-q2-update.win32_1.0.0.201904181610/tools/bin/../lib/gcc/arm-none-eabi/7.3.1/../../../../arm-none-eabi/lib/thumb/v7e-m/fpv4-sp/hard\libc_nano.a(lib_a-closer.o)
 .ARM.attributes
                0x00000000000007b9       0x34 c:/stm32toolchain/stm32cubeide_1.3.0/stm32cubeide/plugins/com.st.stm32cube.ide.mcu.externaltools.gnu-tools-for-stm32.7-2018-q2-update.win32_1.0.0.201904181610/tools/bin/../lib/gcc/arm-none-eabi/7.3.1/../../../../arm-none-eabi/lib/thumb/v7e-m/fpv4-sp/hard\libc_nano.a(lib_a-fflush.o)
 .ARM.attributes
                0x00000000000007ed       0x34 c:/stm32toolchain/stm32cubeide_1.3.0/stm32cubeide/plugins/com.st.stm32cube.ide.mcu.externaltools.gnu-tools-for-stm32.7-2018-q2-update.win32_1.0.0.201904181610/tools/bin/../lib/gcc/arm-none-eabi/7.3.1/../../../../arm-none-eabi/lib/thumb/v7e-m/fpv4-sp/hard\libc_nano.a(lib_a-lseekr.o)
 .ARM.attributes
                0x0000000000000821       0x34 c:/stm32toolchain/stm32cubeide_1.3.0/stm32cubeide/plugins/com.st.stm32cube.ide.mcu.externaltools.gnu-tools-for-stm32.7-2018-q2-update.win32_1.0.0.201904181610/tools/bin/../lib/gcc/arm-none-eabi/7.3.1/../../../../arm-none-eabi/lib/thumb/v7e-m/fpv4-sp/hard\libc_nano.a(lib_a-makebuf.o)
 .ARM.attributes
                0x0000000000000855       0x20 c:/stm32toolchain/stm32cubeide_1.3.0/stm32cubeide/plugins/com.st.stm32cube.ide.mcu.externaltools.gnu-tools-for-stm32.7-2018-q2-update.win32_1.0.0.201904181610/tools/bin/../lib/gcc/arm-none-eabi/7.3.1/../../../../arm-none-eabi/lib/thumb/v7e-m/fpv4-sp/hard\libc_nano.a(lib_a-memchr.o)
 .ARM.attributes
                0x0000000000000875       0x34 c:/stm32toolchain/stm32cubeide_1.3.0/stm32cubeide/plugins/com.st.stm32cube.ide.mcu.externaltools.gnu-tools-for-stm32.7-2018-q2-update.win32_1.0.0.201904181610/tools/bin/../lib/gcc/arm-none-eabi/7.3.1/../../../../arm-none-eabi/lib/thumb/v7e-m/fpv4-sp/hard\libc_nano.a(lib_a-mlock.o)
 .ARM.attributes
                0x00000000000008a9       0x34 c:/stm32toolchain/stm32cubeide_1.3.0/stm32cubeide/plugins/com.st.stm32cube.ide.mcu.externaltools.gnu-tools-for-stm32.7-2018-q2-update.win32_1.0.0.201904181610/tools/bin/../lib/gcc/arm-none-eabi/7.3.1/../../../../arm-none-eabi/lib/thumb/v7e-m/fpv4-sp/hard\libc_nano.a(lib_a-nano-freer.o)
 .ARM.attributes
                0x00000000000008dd       0x34 c:/stm32toolchain/stm32cubeide_1.3.0/stm32cubeide/plugins/com.st.stm32cube.ide.mcu.externaltools.gnu-tools-for-stm32.7-2018-q2-update.win32_1.0.0.201904181610/tools/bin/../lib/gcc/arm-none-eabi/7.3.1/../../../../arm-none-eabi/lib/thumb/v7e-m/fpv4-sp/hard\libc_nano.a(lib_a-readr.o)
 .ARM.attributes
                0x0000000000000911       0x34 c:/stm32toolchain/stm32cubeide_1.3.0/stm32cubeide/plugins/com.st.stm32cube.ide.mcu.externaltools.gnu-tools-for-stm32.7-2018-q2-update.win32_1.0.0.201904181610/tools/bin/../lib/gcc/arm-none-eabi/7.3.1/../../../../arm-none-eabi/lib/thumb/v7e-m/fpv4-sp/hard\libc_nano.a(lib_a-reent.o)
 .ARM.attributes
                0x0000000000000945       0x34 c:/stm32toolchain/stm32cubeide_1.3.0/stm32cubeide/plugins/com.st.stm32cube.ide.mcu.externaltools.gnu-tools-for-stm32.7-2018-q2-update.win32_1.0.0.201904181610/tools/bin/../lib/gcc/arm-none-eabi/7.3.1/../../../../arm-none-eabi/lib/thumb/v7e-m/fpv4-sp/hard\libc_nano.a(lib_a-fstatr.o)
 .ARM.attributes
                0x0000000000000979       0x34 c:/stm32toolchain/stm32cubeide_1.3.0/stm32cubeide/plugins/com.st.stm32cube.ide.mcu.externaltools.gnu-tools-for-stm32.7-2018-q2-update.win32_1.0.0.201904181610/tools/bin/../lib/gcc/arm-none-eabi/7.3.1/../../../../arm-none-eabi/lib/thumb/v7e-m/fpv4-sp/hard\libc_nano.a(lib_a-isattyr.o)
 .ARM.attributes
                0x00000000000009ad       0x22 c:/stm32toolchain/stm32cubeide_1.3.0/stm32cubeide/plugins/com.st.stm32cube.ide.mcu.externaltools.gnu-tools-for-stm32.7-2018-q2-update.win32_1.0.0.201904181610/tools/bin/../lib/gcc/arm-none-eabi/7.3.1/thumb/v7e-m/fpv4-sp/hard\libgcc.a(_aeabi_uldivmod.o)
 .ARM.attributes
                0x00000000000009cf       0x34 c:/stm32toolchain/stm32cubeide_1.3.0/stm32cubeide/plugins/com.st.stm32cube.ide.mcu.externaltools.gnu-tools-for-stm32.7-2018-q2-update.win32_1.0.0.201904181610/tools/bin/../lib/gcc/arm-none-eabi/7.3.1/thumb/v7e-m/fpv4-sp/hard\libgcc.a(_udivmoddi4.o)
 .ARM.attributes
                0x0000000000000a03       0x22 c:/stm32toolchain/stm32cubeide_1.3.0/stm32cubeide/plugins/com.st.stm32cube.ide.mcu.externaltools.gnu-tools-for-stm32.7-2018-q2-update.win32_1.0.0.201904181610/tools/bin/../lib/gcc/arm-none-eabi/7.3.1/thumb/v7e-m/fpv4-sp/hard\libgcc.a(_dvmd_tls.o)
 .ARM.attributes
                0x0000000000000a25       0x22 c:/stm32toolchain/stm32cubeide_1.3.0/stm32cubeide/plugins/com.st.stm32cube.ide.mcu.externaltools.gnu-tools-for-stm32.7-2018-q2-update.win32_1.0.0.201904181610/tools/bin/../lib/gcc/arm-none-eabi/7.3.1/thumb/v7e-m/fpv4-sp/hard/crtn.o
OUTPUT(AS5047P_Example.elf elf32-littlearm)

.debug_info     0x0000000000000000    0x1637b
 .debug_info    0x0000000000000000     0x7fbd Core/Src/as5047p.o
 .debug_info    0x0000000000007fbd     0x136d Core/Src/as5047p_hal.o
 .debug_info    0x000000000000932a      0x6d4 Core/Src/gpio.o
 .debug_info    0x00000000000099fe     0x1888 Core/Src/main.o
 .debug_info    0x000000000000b286      0xa53 Core/Src/spi.o
 .debug_info    0x000000000000bcd9      0x37c Core/Src/stm32f4xx_hal_msp.o
 .debug_info    0x000000000000c055      0x20b Core/Src/stm32f4xx_it.o
 .debug_info    0x000000000000c260      0xf7d Core/Src/syscalls.o
 .debug_info    0x000000000000d1dd      0x936 Core/Src/sysmem.o
 .debug_info    0x000000000000db13      0x573 Core/Src/system_stm32f4xx.o
 .debug_info    0x000000000000e086      0x9e7 Core/Src/usart.o
 .debug_info    0x000000000000ea6d       0x22 Core/Startup/startup_stm32f429zitx.o
 .debug_info    0x000000000000ea8f      0xa8d Drivers/STM32F4xx_HAL_Driver/Src/stm32f4xx_hal.o
 .debug_info    0x000000000000f51c      0xfc0 Drivers/STM32F4xx_HAL_Driver/Src/stm32f4xx_hal_cortex.o
 .debug_info    0x00000000000104dc      0x7e1 Drivers/STM32F4xx_HAL_Driver/Src/stm32f4xx_hal_gpio.o
 .debug_info    0x0000000000010cbd      0x7fb Drivers/STM32F4xx_HAL_Driver/Src/stm32f4xx_hal_pwr_ex.o
 .debug_info    0x00000000000114b8      0xaea Drivers/STM32F4xx_HAL_Driver/Src/stm32f4xx_hal_rcc.o
 .debug_info    0x0000000000011fa2     0x2b16 Drivers/STM32F4xx_HAL_Driver/Src/stm32f4xx_hal_spi.o
 .debug_info    0x0000000000014ab8     0x18c3 Drivers/STM32F4xx_HAL_Driver/Src/stm32f4xx_hal_uart.o

.debug_abbrev   0x0000000000000000     0x28ed
 .debug_abbrev  0x0000000000000000      0x36a Core/Src/as5047p.o
 .debug_abbrev  0x000000000000036a      0x35c Core/Src/as5047p_hal.o
 .debug_abbrev  0x00000000000006c6      0x16b Core/Src/gpio.o
 .debug_abbrev  0x0000000000000831      0x279 Core/Src/main.o
 .debug_abbrev  0x0000000000000aaa      0x1d8 Core/Src/spi.o
 .debug_abbrev  0x0000000000000c82      0x109 Core/Src/stm32f4xx_hal_msp.o
 .debug_abbrev  0x0000000000000d8b      0x117 Core/Src/stm32f4xx_it.o
 .debug_abbrev  0x0000000000000ea2      0x2ba Core/Src/syscalls.o
 .debug_abbrev  0x000000000000115c      0x1e8 Core/Src/sysmem.o
 .debug_abbrev  0x0000000000001344      0x12b Core/Src/system_stm32f4xx.o
 .debug_abbrev  0x000000000000146f      0x1d8 Core/Src/usart.o
 .debug_abbrev  0x0000000000001647       0x12 Core/Startup/startup_stm32f429zitx.o
 .debug_abbrev  0x0000000000001659      0x240 Drivers/STM32F4xx_HAL_Driver/Src/stm32f4xx_hal.o
 .debug_abbrev  0x0000000000001899      0x320 Drivers/STM32F4xx_HAL_Driver/Src/stm32f4xx_hal_cortex.o
 .debug_abbrev  0x0000000000001bb9      0x1f4 Drivers/STM32F4xx_HAL_Driver/Src/stm32f4xx_hal_gpio.o
 .debug_abbrev  0x0000000000001dad      0x1c3 Drivers/STM32F4xx_HAL_Driver/Src/stm32f4xx_hal_pwr_ex.o
 .debug_abbrev  0x0000000000001f70      0x2c3 Drivers/STM32F4xx_HAL_Driver/Src/stm32f4xx_hal_rcc.o
 .debug_abbrev  0x0000000000002233      0x395 Drivers/STM32F4xx_HAL_Driver/Src/stm32f4xx_hal_spi.o
 .debug_abbrev  0x00000000000025c8      0x325 Drivers/STM32F4xx_HAL_Driver/Src/stm32f4xx_hal_uart.o

.debug_loc      0x0000000000000000    0x142d4
 .debug_loc     0x0000000000000000     0xdb7c Core/Src/as5047p.o
 .debug_loc     0x000000000000db7c      0x2b1 Core/Src/as5047p_hal.o
 .debug_loc     0x000000000000de2d       0x6b Core/Src/main.o
 .debug_loc     0x000000000000de98       0x42 Core/Src/spi.o
 .debug_loc     0x000000000000deda      0x34c Core/Src/syscalls.o
 .debug_loc     0x000000000000e226       0x6b Core/Src/sysmem.o
 .debug_loc     0x000000000000e291      0x14c Core/Src/system_stm32f4xx.o
 .debug_loc     0x000000000000e3dd       0x42 Core/Src/usart.o
 .debug_loc     0x000000000000e41f      0x12f Drivers/STM32F4xx_HAL_Driver/Src/stm32f4xx_hal.o
 .debug_loc     0x000000000000e54e      0x5c9 Drivers/STM32F4xx_HAL_Driver/Src/stm32f4xx_hal_cortex.o
 .debug_loc     0x000000000000eb17      0x44b Drivers/STM32F4xx_HAL_Driver/Src/stm32f4xx_hal_gpio.o
 .debug_loc     0x000000000000ef62      0x1e7 Drivers/STM32F4xx_HAL_Driver/Src/stm32f4xx_hal_pwr_ex.o
 .debug_loc     0x000000000000f149      0x3fc Drivers/STM32F4xx_HAL_Driver/Src/stm32f4xx_hal_rcc.o
 .debug_loc     0x000000000000f545     0x362d Drivers/STM32F4xx_HAL_Driver/Src/stm32f4xx_hal_spi.o
 .debug_loc     0x0000000000012b72     0x1762 Drivers/STM32F4xx_HAL_Driver/Src/stm32f4xx_hal_uart.o

.debug_aranges  0x0000000000000000      0x890
 .debug_aranges
                0x0000000000000000       0x88 Core/Src/as5047p.o
 .debug_aranges
                0x0000000000000088       0x38 Core/Src/as5047p_hal.o
 .debug_aranges
                0x00000000000000c0       0x20 Core/Src/gpio.o
 .debug_aranges
                0x00000000000000e0       0x38 Core/Src/main.o
 .debug_aranges
                0x0000000000000118       0x30 Core/Src/spi.o
 .debug_aranges
                0x0000000000000148       0x20 Core/Src/stm32f4xx_hal_msp.o
 .debug_aranges
                0x0000000000000168       0x48 Core/Src/stm32f4xx_it.o
 .debug_aranges
                0x00000000000001b0       0xa8 Core/Src/syscalls.o
 .debug_aranges
                0x0000000000000258       0x20 Core/Src/sysmem.o
 .debug_aranges
                0x0000000000000278       0x28 Core/Src/system_stm32f4xx.o
 .debug_aranges
                0x00000000000002a0       0x30 Core/Src/usart.o
 .debug_aranges
                0x00000000000002d0       0x28 Core/Startup/startup_stm32f429zitx.o
 .debug_aranges
                0x00000000000002f8       0xf8 Drivers/STM32F4xx_HAL_Driver/Src/stm32f4xx_hal.o
 .debug_aranges
                0x00000000000003f0       0xa8 Drivers/STM32F4xx_HAL_Driver/Src/stm32f4xx_hal_cortex.o
 .debug_aranges
                0x0000000000000498       0x58 Drivers/STM32F4xx_HAL_Driver/Src/stm32f4xx_hal_gpio.o
 .debug_aranges
                0x00000000000004f0       0x60 Drivers/STM32F4xx_HAL_Driver/Src/stm32f4xx_hal_pwr_ex.o
 .debug_aranges
                0x0000000000000550       0x88 Drivers/STM32F4xx_HAL_Driver/Src/stm32f4xx_hal_rcc.o
 .debug_aranges
                0x00000000000005d8      0x160 Drivers/STM32F4xx_HAL_Driver/Src/stm32f4xx_hal_spi.o
 .debug_aranges
                0x0000000000000738      0x158 Drivers/STM32F4xx_HAL_Driver/Src/stm32f4xx_hal_uart.o

.debug_ranges   0x0000000000000000     0x2b30
 .debug_ranges  0x0000000000000000     0x14a8 Core/Src/as5047p.o
 .debug_ranges  0x00000000000014a8      0x138 Core/Src/as5047p_hal.o
 .debug_ranges  0x00000000000015e0       0x48 Core/Src/gpio.o
 .debug_ranges  0x0000000000001628       0x70 Core/Src/main.o
 .debug_ranges  0x0000000000001698       0x50 Core/Src/spi.o
 .debug_ranges  0x00000000000016e8       0x10 Core/Src/stm32f4xx_hal_msp.o
 .debug_ranges  0x00000000000016f8       0x38 Core/Src/stm32f4xx_it.o
 .debug_ranges  0x0000000000001730       0x98 Core/Src/syscalls.o
 .debug_ranges  0x00000000000017c8       0x10 Core/Src/sysmem.o
 .debug_ranges  0x00000000000017d8       0x18 Core/Src/system_stm32f4xx.o
 .debug_ranges  0x00000000000017f0       0x50 Core/Src/usart.o
 .debug_ranges  0x0000000000001840       0x20 Core/Startup/startup_stm32f429zitx.o
 .debug_ranges  0x0000000000001860       0xe8 Drivers/STM32F4xx_HAL_Driver/Src/stm32f4xx_hal.o
 .debug_ranges  0x0000000000001948      0x138 Drivers/STM32F4xx_HAL_Driver/Src/stm32f4xx_hal_cortex.o
 .debug_ranges  0x0000000000001a80       0x60 Drivers/STM32F4xx_HAL_Driver/Src/stm32f4xx_hal_gpio.o
 .debug_ranges  0x0000000000001ae0       0xc8 Drivers/STM32F4xx_HAL_Driver/Src/stm32f4xx_hal_pwr_ex.o
 .debug_ranges  0x0000000000001ba8      0x100 Drivers/STM32F4xx_HAL_Driver/Src/stm32f4xx_hal_rcc.o
 .debug_ranges  0x0000000000001ca8      0xb78 Drivers/STM32F4xx_HAL_Driver/Src/stm32f4xx_hal_spi.o
 .debug_ranges  0x0000000000002820      0x310 Drivers/STM32F4xx_HAL_Driver/Src/stm32f4xx_hal_uart.o

.debug_macro    0x0000000000000000    0x24a60
 .debug_macro   0x0000000000000000      0x149 Core/Src/as5047p.o
 .debug_macro   0x0000000000000149      0xa5a Core/Src/as5047p.o
 .debug_macro   0x0000000000000ba3       0x22 Core/Src/as5047p.o
 .debug_macro   0x0000000000000bc5       0x8e Core/Src/as5047p.o
 .debug_macro   0x0000000000000c53       0x51 Core/Src/as5047p.o
 .debug_macro   0x0000000000000ca4       0xef Core/Src/as5047p.o
 .debug_macro   0x0000000000000d93       0x6a Core/Src/as5047p.o
 .debug_macro   0x0000000000000dfd      0x1df Core/Src/as5047p.o
 .debug_macro   0x0000000000000fdc       0x18 Core/Src/as5047p.o
 .debug_macro   0x0000000000000ff4       0x46 Core/Src/as5047p.o
 .debug_macro   0x000000000000103a       0x3c Core/Src/as5047p.o
 .debug_macro   0x0000000000001076       0x34 Core/Src/as5047p.o
 .debug_macro   0x00000000000010aa       0x16 Core/Src/as5047p.o
 .debug_macro   0x00000000000010c0      0x10e Core/Src/as5047p.o
 .debug_macro   0x00000000000011ce       0x8d Core/Src/as5047p.o
 .debug_macro   0x000000000000125b       0x52 Core/Src/as5047p.o
 .debug_macro   0x00000000000012ad       0x1f Core/Src/as5047p.o
 .debug_macro   0x00000000000012cc       0x43 Core/Src/as5047p.o
 .debug_macro   0x000000000000130f       0x20 Core/Src/as5047p.o
 .debug_macro   0x000000000000132f      0x1a3 Core/Src/as5047p.o
 .debug_macro   0x00000000000014d2      0x330 Core/Src/as5047p.o
 .debug_macro   0x0000000000001802       0x16 Core/Src/as5047p.o
 .debug_macro   0x0000000000001818       0x29 Core/Src/as5047p.o
 .debug_macro   0x0000000000001841       0x22 Core/Src/as5047p.o
 .debug_macro   0x0000000000001863      0x17e Core/Src/as5047p.o
 .debug_macro   0x00000000000019e1      0x337 Core/Src/as5047p_hal.o
 .debug_macro   0x0000000000001d18      0x18a Core/Src/as5047p_hal.o
 .debug_macro   0x0000000000001ea2       0x2e Core/Src/as5047p_hal.o
 .debug_macro   0x0000000000001ed0       0x28 Core/Src/as5047p_hal.o
 .debug_macro   0x0000000000001ef8       0x1c Core/Src/as5047p_hal.o
 .debug_macro   0x0000000000001f14       0x22 Core/Src/as5047p_hal.o
 .debug_macro   0x0000000000001f36       0xdf Core/Src/as5047p_hal.o
 .debug_macro   0x0000000000002015     0x102d Core/Src/as5047p_hal.o
 .debug_macro   0x0000000000003042      0x11f Core/Src/as5047p_hal.o
 .debug_macro   0x0000000000003161    0x17f69 Core/Src/as5047p_hal.o
 .debug_macro   0x000000000001b0ca       0x43 Core/Src/as5047p_hal.o
 .debug_macro   0x000000000001b10d     0x36c9 Core/Src/as5047p_hal.o
 .debug_macro   0x000000000001e7d6      0x174 Core/Src/as5047p_hal.o
 .debug_macro   0x000000000001e94a       0x5a Core/Src/as5047p_hal.o
 .debug_macro   0x000000000001e9a4      0xca5 Core/Src/as5047p_hal.o
 .debug_macro   0x000000000001f649      0x9fe Core/Src/as5047p_hal.o
 .debug_macro   0x0000000000020047      0x182 Core/Src/as5047p_hal.o
 .debug_macro   0x00000000000201c9      0x117 Core/Src/as5047p_hal.o
 .debug_macro   0x00000000000202e0      0x157 Core/Src/as5047p_hal.o
 .debug_macro   0x0000000000020437       0x27 Core/Src/as5047p_hal.o
 .debug_macro   0x000000000002045e      0x287 Core/Src/as5047p_hal.o
 .debug_macro   0x00000000000206e5       0x5f Core/Src/as5047p_hal.o
 .debug_macro   0x0000000000020744      0x236 Core/Src/as5047p_hal.o
 .debug_macro   0x000000000002097a      0x132 Core/Src/as5047p_hal.o
 .debug_macro   0x0000000000020aac      0x41d Core/Src/as5047p_hal.o
 .debug_macro   0x0000000000020ec9       0x2e Core/Src/as5047p_hal.o
 .debug_macro   0x0000000000020ef7      0x11a Core/Src/as5047p_hal.o
 .debug_macro   0x0000000000021011       0xe2 Core/Src/as5047p_hal.o
 .debug_macro   0x00000000000210f3       0x89 Core/Src/as5047p_hal.o
 .debug_macro   0x000000000002117c      0x225 Core/Src/as5047p_hal.o
 .debug_macro   0x00000000000213a1      0x287 Core/Src/as5047p_hal.o
 .debug_macro   0x0000000000021628      0x134 Core/Src/as5047p_hal.o
 .debug_macro   0x000000000002175c      0x142 Core/Src/as5047p_hal.o
 .debug_macro   0x000000000002189e       0x16 Core/Src/as5047p_hal.o
 .debug_macro   0x00000000000218b4       0x35 Core/Src/as5047p_hal.o
 .debug_macro   0x00000000000218e9      0x32a Core/Src/as5047p_hal.o
 .debug_macro   0x0000000000021c13       0x10 Core/Src/as5047p_hal.o
 .debug_macro   0x0000000000021c23       0x10 Core/Src/as5047p_hal.o
 .debug_macro   0x0000000000021c33       0x1c Core/Src/as5047p_hal.o
 .debug_macro   0x0000000000021c4f       0x52 Core/Src/as5047p_hal.o
 .debug_macro   0x0000000000021ca1       0x40 Core/Src/as5047p_hal.o
 .debug_macro   0x0000000000021ce1       0x10 Core/Src/as5047p_hal.o
 .debug_macro   0x0000000000021cf1       0x40 Core/Src/as5047p_hal.o
 .debug_macro   0x0000000000021d31       0xd7 Core/Src/as5047p_hal.o
 .debug_macro   0x0000000000021e08       0x1c Core/Src/as5047p_hal.o
 .debug_macro   0x0000000000021e24       0x3d Core/Src/as5047p_hal.o
 .debug_macro   0x0000000000021e61       0x16 Core/Src/as5047p_hal.o
 .debug_macro   0x0000000000021e77      0x145 Core/Src/as5047p_hal.o
 .debug_macro   0x0000000000021fbc      0x1dd Core/Src/gpio.o
 .debug_macro   0x0000000000022199      0x13c Core/Src/gpio.o
 .debug_macro   0x00000000000222d5      0x397 Core/Src/main.o
 .debug_macro   0x000000000002266c      0x1dd Core/Src/spi.o
 .debug_macro   0x0000000000022849      0x1d3 Core/Src/stm32f4xx_hal_msp.o
 .debug_macro   0x0000000000022a1c      0x1dd Core/Src/stm32f4xx_it.o
 .debug_macro   0x0000000000022bf9      0x243 Core/Src/syscalls.o
 .debug_macro   0x0000000000022e3c       0x40 Core/Src/syscalls.o
 .debug_macro   0x0000000000022e7c       0x94 Core/Src/syscalls.o
 .debug_macro   0x0000000000022f10       0x57 Core/Src/syscalls.o
 .debug_macro   0x0000000000022f67       0x10 Core/Src/syscalls.o
 .debug_macro   0x0000000000022f77       0x10 Core/Src/syscalls.o
 .debug_macro   0x0000000000022f87       0x10 Core/Src/syscalls.o
 .debug_macro   0x0000000000022f97       0x35 Core/Src/syscalls.o
 .debug_macro   0x0000000000022fcc      0x122 Core/Src/syscalls.o
 .debug_macro   0x00000000000230ee       0x10 Core/Src/syscalls.o
 .debug_macro   0x00000000000230fe      0x241 Core/Src/syscalls.o
 .debug_macro   0x000000000002333f       0x1c Core/Src/syscalls.o
 .debug_macro   0x000000000002335b       0x10 Core/Src/syscalls.o
 .debug_macro   0x000000000002336b      0x189 Core/Src/syscalls.o
 .debug_macro   0x00000000000234f4       0x16 Core/Src/syscalls.o
 .debug_macro   0x000000000002350a       0x88 Core/Src/syscalls.o
 .debug_macro   0x0000000000023592      0x1ae Core/Src/sysmem.o
 .debug_macro   0x0000000000023740      0x23b Core/Src/sysmem.o
 .debug_macro   0x000000000002397b      0x1ca Core/Src/system_stm32f4xx.o
 .debug_macro   0x0000000000023b45      0x1dd Core/Src/usart.o
 .debug_macro   0x0000000000023d22      0x224 Drivers/STM32F4xx_HAL_Driver/Src/stm32f4xx_hal.o
 .debug_macro   0x0000000000023f46      0x1c4 Drivers/STM32F4xx_HAL_Driver/Src/stm32f4xx_hal_cortex.o
 .debug_macro   0x000000000002410a      0x1fa Drivers/STM32F4xx_HAL_Driver/Src/stm32f4xx_hal_gpio.o
 .debug_macro   0x0000000000024304      0x1dc Drivers/STM32F4xx_HAL_Driver/Src/stm32f4xx_hal_pwr_ex.o
 .debug_macro   0x00000000000244e0      0x1e8 Drivers/STM32F4xx_HAL_Driver/Src/stm32f4xx_hal_rcc.o
 .debug_macro   0x00000000000246c8      0x1d3 Drivers/STM32F4xx_HAL_Driver/Src/stm32f4xx_hal_spi.o
 .debug_macro   0x000000000002489b      0x1c5 Drivers/STM32F4xx_HAL_Driver/Src/stm32f4xx_hal_uart.o

.debug_line     0x0000000000000000     0xbb33
 .debug_line    0x0000000000000000     0x1814 Core/Src/as5047p.o
 .debug_line    0x0000000000001814      0x94b Core/Src/as5047p_hal.o
 .debug_line    0x000000000000215f      0x737 Core/Src/gpio.o
 .debug_line    0x0000000000002896      0x990 Core/Src/main.o
 .debug_line    0x0000000000003226      0x737 Core/Src/spi.o
 .debug_line    0x000000000000395d      0x6d7 Core/Src/stm32f4xx_hal_msp.o
 .debug_line    0x0000000000004034      0x733 Core/Src/stm32f4xx_it.o
 .debug_line    0x0000000000004767      0x757 Core/Src/syscalls.o
 .debug_line    0x0000000000004ebe      0x59e Core/Src/sysmem.o
 .debug_line    0x000000000000545c      0x6ff Core/Src/system_stm32f4xx.o
 .debug_line    0x0000000000005b5b      0x72d Core/Src/usart.o
 .debug_line    0x0000000000006288       0x85 Core/Startup/startup_stm32f429zitx.o
 .debug_line    0x000000000000630d      0x8fa Drivers/STM32F4xx_HAL_Driver/Src/stm32f4xx_hal.o
 .debug_line    0x0000000000006c07      0x962 Drivers/STM32F4xx_HAL_Driver/Src/stm32f4xx_hal_cortex.o
 .debug_line    0x0000000000007569      0x8ed Drivers/STM32F4xx_HAL_Driver/Src/stm32f4xx_hal_gpio.o
 .debug_line    0x0000000000007e56      0x803 Drivers/STM32F4xx_HAL_Driver/Src/stm32f4xx_hal_pwr_ex.o
 .debug_line    0x0000000000008659      0xa09 Drivers/STM32F4xx_HAL_Driver/Src/stm32f4xx_hal_rcc.o
 .debug_line    0x0000000000009062     0x17a1 Drivers/STM32F4xx_HAL_Driver/Src/stm32f4xx_hal_spi.o
 .debug_line    0x000000000000a803     0x1330 Drivers/STM32F4xx_HAL_Driver/Src/stm32f4xx_hal_uart.o

.debug_str      0x0000000000000000    0xd47e8
 .debug_str     0x0000000000000000     0x78bd Core/Src/as5047p.o
                                       0x7b50 (size before relaxing)
 .debug_str     0x00000000000078bd    0xc986c Core/Src/as5047p_hal.o
                                      0xd0823 (size before relaxing)
 .debug_str     0x00000000000d1129      0x19b Core/Src/gpio.o
                                      0xcc32a (size before relaxing)
 .debug_str     0x00000000000d12c4      0x328 Core/Src/main.o
                                      0xd14b4 (size before relaxing)
 .debug_str     0x00000000000d15ec       0x5b Core/Src/spi.o
                                      0xcc7a0 (size before relaxing)
 .debug_str     0x00000000000d1647       0x2c Core/Src/stm32f4xx_hal_msp.o
                                      0xcc26f (size before relaxing)
 .debug_str     0x00000000000d1673       0xc9 Core/Src/stm32f4xx_it.o
                                      0xcc1f6 (size before relaxing)
 .debug_str     0x00000000000d173c     0x111b Core/Src/syscalls.o
                                       0x88ad (size before relaxing)
 .debug_str     0x00000000000d2857       0x36 Core/Src/sysmem.o
                                       0x7aec (size before relaxing)
 .debug_str     0x00000000000d288d       0xc4 Core/Src/system_stm32f4xx.o
                                      0xcbdf2 (size before relaxing)
 .debug_str     0x00000000000d2951       0x51 Core/Src/usart.o
                                      0xcc784 (size before relaxing)
 .debug_str     0x00000000000d29a2       0x36 Core/Startup/startup_stm32f429zitx.o
                                         0x67 (size before relaxing)
 .debug_str     0x00000000000d29d8      0xb16 Drivers/STM32F4xx_HAL_Driver/Src/stm32f4xx_hal.o
                                      0xcc9a3 (size before relaxing)
 .debug_str     0x00000000000d34ee      0x354 Drivers/STM32F4xx_HAL_Driver/Src/stm32f4xx_hal_cortex.o
                                      0xcc6ff (size before relaxing)
 .debug_str     0x00000000000d3842      0x1cb Drivers/STM32F4xx_HAL_Driver/Src/stm32f4xx_hal_gpio.o
                                      0xcc031 (size before relaxing)
 .debug_str     0x00000000000d3a0d      0x135 Drivers/STM32F4xx_HAL_Driver/Src/stm32f4xx_hal_pwr_ex.o
                                      0xcbfe1 (size before relaxing)
 .debug_str     0x00000000000d3b42      0x233 Drivers/STM32F4xx_HAL_Driver/Src/stm32f4xx_hal_rcc.o
                                      0xcc206 (size before relaxing)
 .debug_str     0x00000000000d3d75      0x56f Drivers/STM32F4xx_HAL_Driver/Src/stm32f4xx_hal_spi.o
                                      0xcc689 (size before relaxing)
 .debug_str     0x00000000000d42e4      0x504 Drivers/STM32F4xx_HAL_Driver/Src/stm32f4xx_hal_uart.o
                                      0xcc6a2 (size before relaxing)

.comment        0x0000000000000000       0x7b
 .comment       0x0000000000000000       0x7b Core/Src/as5047p.o
                                         0x7c (size before relaxing)
 .comment       0x000000000000007b       0x7c Core/Src/as5047p_hal.o
 .comment       0x000000000000007b       0x7c Core/Src/gpio.o
 .comment       0x000000000000007b       0x7c Core/Src/main.o
 .comment       0x000000000000007b       0x7c Core/Src/spi.o
 .comment       0x000000000000007b       0x7c Core/Src/stm32f4xx_hal_msp.o
 .comment       0x000000000000007b       0x7c Core/Src/stm32f4xx_it.o
 .comment       0x000000000000007b       0x7c Core/Src/syscalls.o
 .comment       0x000000000000007b       0x7c Core/Src/sysmem.o
 .comment       0x000000000000007b       0x7c Core/Src/system_stm32f4xx.o
 .comment       0x000000000000007b       0x7c Core/Src/usart.o
 .comment       0x000000000000007b       0x7c Drivers/STM32F4xx_HAL_Driver/Src/stm32f4xx_hal.o
 .comment       0x000000000000007b       0x7c Drivers/STM32F4xx_HAL_Driver/Src/stm32f4xx_hal_cortex.o
 .comment       0x000000000000007b       0x7c Drivers/STM32F4xx_HAL_Driver/Src/stm32f4xx_hal_gpio.o
 .comment       0x000000000000007b       0x7c Drivers/STM32F4xx_HAL_Driver/Src/stm32f4xx_hal_pwr_ex.o
 .comment       0x000000000000007b       0x7c Drivers/STM32F4xx_HAL_Driver/Src/stm32f4xx_hal_rcc.o
 .comment       0x000000000000007b       0x7c Drivers/STM32F4xx_HAL_Driver/Src/stm32f4xx_hal_spi.o
 .comment       0x000000000000007b       0x7c Drivers/STM32F4xx_HAL_Driver/Src/stm32f4xx_hal_uart.o

.debug_frame    0x0000000000000000     0x20a0
 .debug_frame   0x0000000000000000      0x22c Core/Src/as5047p.o
 .debug_frame   0x000000000000022c       0x78 Core/Src/as5047p_hal.o
 .debug_frame   0x00000000000002a4       0x3c Core/Src/gpio.o
 .debug_frame   0x00000000000002e0       0x78 Core/Src/main.o
 .debug_frame   0x0000000000000358       0x6c Core/Src/spi.o
 .debug_frame   0x00000000000003c4       0x28 Core/Src/stm32f4xx_hal_msp.o
 .debug_frame   0x00000000000003ec       0xa0 Core/Src/stm32f4xx_it.o
 .debug_frame   0x000000000000048c      0x190 Core/Src/syscalls.o
 .debug_frame   0x000000000000061c       0x28 Core/Src/sysmem.o
 .debug_frame   0x0000000000000644       0x30 Core/Src/system_stm32f4xx.o
 .debug_frame   0x0000000000000674       0x6c Core/Src/usart.o
 .debug_frame   0x00000000000006e0      0x214 Drivers/STM32F4xx_HAL_Driver/Src/stm32f4xx_hal.o
 .debug_frame   0x00000000000008f4      0x178 Drivers/STM32F4xx_HAL_Driver/Src/stm32f4xx_hal_cortex.o
 .debug_frame   0x0000000000000a6c       0xd8 Drivers/STM32F4xx_HAL_Driver/Src/stm32f4xx_hal_gpio.o
 .debug_frame   0x0000000000000b44      0x118 Drivers/STM32F4xx_HAL_Driver/Src/stm32f4xx_hal_pwr_ex.o
 .debug_frame   0x0000000000000c5c      0x174 Drivers/STM32F4xx_HAL_Driver/Src/stm32f4xx_hal_rcc.o
 .debug_frame   0x0000000000000dd0      0x5dc Drivers/STM32F4xx_HAL_Driver/Src/stm32f4xx_hal_spi.o
 .debug_frame   0x00000000000013ac      0x560 Drivers/STM32F4xx_HAL_Driver/Src/stm32f4xx_hal_uart.o
 .debug_frame   0x000000000000190c       0x20 c:/stm32toolchain/stm32cubeide_1.3.0/stm32cubeide/plugins/com.st.stm32cube.ide.mcu.externaltools.gnu-tools-for-stm32.7-2018-q2-update.win32_1.0.0.201904181610/tools/bin/../lib/gcc/arm-none-eabi/7.3.1/../../../../arm-none-eabi/lib/thumb/v7e-m/fpv4-sp/hard\libc_nano.a(lib_a-errno.o)
 .debug_frame   0x000000000000192c       0x2c c:/stm32toolchain/stm32cubeide_1.3.0/stm32cubeide/plugins/com.st.stm32cube.ide.mcu.externaltools.gnu-tools-for-stm32.7-2018-q2-update.win32_1.0.0.201904181610/tools/bin/../lib/gcc/arm-none-eabi/7.3.1/../../../../arm-none-eabi/lib/thumb/v7e-m/fpv4-sp/hard\libc_nano.a(lib_a-init.o)
 .debug_frame   0x0000000000001958       0x20 c:/stm32toolchain/stm32cubeide_1.3.0/stm32cubeide/plugins/com.st.stm32cube.ide.mcu.externaltools.gnu-tools-for-stm32.7-2018-q2-update.win32_1.0.0.201904181610/tools/bin/../lib/gcc/arm-none-eabi/7.3.1/../../../../arm-none-eabi/lib/thumb/v7e-m/fpv4-sp/hard\libc_nano.a(lib_a-memset.o)
 .debug_frame   0x0000000000001978       0x74 c:/stm32toolchain/stm32cubeide_1.3.0/stm32cubeide/plugins/com.st.stm32cube.ide.mcu.externaltools.gnu-tools-for-stm32.7-2018-q2-update.win32_1.0.0.201904181610/tools/bin/../lib/gcc/arm-none-eabi/7.3.1/../../../../arm-none-eabi/lib/thumb/v7e-m/fpv4-sp/hard\libc_nano.a(lib_a-printf.o)
 .debug_frame   0x00000000000019ec      0x11c c:/stm32toolchain/stm32cubeide_1.3.0/stm32cubeide/plugins/com.st.stm32cube.ide.mcu.externaltools.gnu-tools-for-stm32.7-2018-q2-update.win32_1.0.0.201904181610/tools/bin/../lib/gcc/arm-none-eabi/7.3.1/../../../../arm-none-eabi/lib/thumb/v7e-m/fpv4-sp/hard\libc_nano.a(lib_a-findfp.o)
 .debug_frame   0x0000000000001b08       0x54 c:/stm32toolchain/stm32cubeide_1.3.0/stm32cubeide/plugins/com.st.stm32cube.ide.mcu.externaltools.gnu-tools-for-stm32.7-2018-q2-update.win32_1.0.0.201904181610/tools/bin/../lib/gcc/arm-none-eabi/7.3.1/../../../../arm-none-eabi/lib/thumb/v7e-m/fpv4-sp/hard\libc_nano.a(lib_a-fwalk.o)
 .debug_frame   0x0000000000001b5c       0x2c c:/stm32toolchain/stm32cubeide_1.3.0/stm32cubeide/plugins/com.st.stm32cube.ide.mcu.externaltools.gnu-tools-for-stm32.7-2018-q2-update.win32_1.0.0.201904181610/tools/bin/../lib/gcc/arm-none-eabi/7.3.1/../../../../arm-none-eabi/lib/thumb/v7e-m/fpv4-sp/hard\libc_nano.a(lib_a-nano-mallocr.o)
 .debug_frame   0x0000000000001b88       0xac c:/stm32toolchain/stm32cubeide_1.3.0/stm32cubeide/plugins/com.st.stm32cube.ide.mcu.externaltools.gnu-tools-for-stm32.7-2018-q2-update.win32_1.0.0.201904181610/tools/bin/../lib/gcc/arm-none-eabi/7.3.1/../../../../arm-none-eabi/lib/thumb/v7e-m/fpv4-sp/hard\libc_nano.a(lib_a-nano-vfprintf.o)
 .debug_frame   0x0000000000001c34       0x60 c:/stm32toolchain/stm32cubeide_1.3.0/stm32cubeide/plugins/com.st.stm32cube.ide.mcu.externaltools.gnu-tools-for-stm32.7-2018-q2-update.win32_1.0.0.201904181610/tools/bin/../lib/gcc/arm-none-eabi/7.3.1/../../../../arm-none-eabi/lib/thumb/v7e-m/fpv4-sp/hard\libc_nano.a(lib_a-nano-vfprintf_i.o)
 .debug_frame   0x0000000000001c94       0x2c c:/stm32toolchain/stm32cubeide_1.3.0/stm32cubeide/plugins/com.st.stm32cube.ide.mcu.externaltools.gnu-tools-for-stm32.7-2018-q2-update.win32_1.0.0.201904181610/tools/bin/../lib/gcc/arm-none-eabi/7.3.1/../../../../arm-none-eabi/lib/thumb/v7e-m/fpv4-sp/hard\libc_nano.a(lib_a-sbrkr.o)
 .debug_frame   0x0000000000001cc0       0x88 c:/stm32toolchain/stm32cubeide_1.3.0/stm32cubeide/plugins/com.st.stm32cube.ide.mcu.externaltools.gnu-tools-for-stm32.7-2018-q2-update.win32_1.0.0.201904181610/tools/bin/../lib/gcc/arm-none-eabi/7.3.1/../../../../arm-none-eabi/lib/thumb/v7e-m/fpv4-sp/hard\libc_nano.a(lib_a-stdio.o)
 .debug_frame   0x0000000000001d48       0x40 c:/stm32toolchain/stm32cubeide_1.3.0/stm32cubeide/plugins/com.st.stm32cube.ide.mcu.externaltools.gnu-tools-for-stm32.7-2018-q2-update.win32_1.0.0.201904181610/tools/bin/../lib/gcc/arm-none-eabi/7.3.1/../../../../arm-none-eabi/lib/thumb/v7e-m/fpv4-sp/hard\libc_nano.a(lib_a-wbuf.o)
 .debug_frame   0x0000000000001d88       0x2c c:/stm32toolchain/stm32cubeide_1.3.0/stm32cubeide/plugins/com.st.stm32cube.ide.mcu.externaltools.gnu-tools-for-stm32.7-2018-q2-update.win32_1.0.0.201904181610/tools/bin/../lib/gcc/arm-none-eabi/7.3.1/../../../../arm-none-eabi/lib/thumb/v7e-m/fpv4-sp/hard\libc_nano.a(lib_a-writer.o)
 .debug_frame   0x0000000000001db4       0x2c c:/stm32toolchain/stm32cubeide_1.3.0/stm32cubeide/plugins/com.st.stm32cube.ide.mcu.externaltools.gnu-tools-for-stm32.7-2018-q2-update.win32_1.0.0.201904181610/tools/bin/../lib/gcc/arm-none-eabi/7.3.1/../../../../arm-none-eabi/lib/thumb/v7e-m/fpv4-sp/hard\libc_nano.a(lib_a-wsetup.o)
 .debug_frame   0x0000000000001de0       0x2c c:/stm32toolchain/stm32cubeide_1.3.0/stm32cubeide/plugins/com.st.stm32cube.ide.mcu.externaltools.gnu-tools-for-stm32.7-2018-q2-update.win32_1.0.0.201904181610/tools/bin/../lib/gcc/arm-none-eabi/7.3.1/../../../../arm-none-eabi/lib/thumb/v7e-m/fpv4-sp/hard\libc_nano.a(lib_a-closer.o)
 .debug_frame   0x0000000000001e0c       0x68 c:/stm32toolchain/stm32cubeide_1.3.0/stm32cubeide/plugins/com.st.stm32cube.ide.mcu.externaltools.gnu-tools-for-stm32.7-2018-q2-update.win32_1.0.0.201904181610/tools/bin/../lib/gcc/arm-none-eabi/7.3.1/../../../../arm-none-eabi/lib/thumb/v7e-m/fpv4-sp/hard\libc_nano.a(lib_a-fflush.o)
 .debug_frame   0x0000000000001e74       0x2c c:/stm32toolchain/stm32cubeide_1.3.0/stm32cubeide/plugins/com.st.stm32cube.ide.mcu.externaltools.gnu-tools-for-stm32.7-2018-q2-update.win32_1.0.0.201904181610/tools/bin/../lib/gcc/arm-none-eabi/7.3.1/../../../../arm-none-eabi/lib/thumb/v7e-m/fpv4-sp/hard\libc_nano.a(lib_a-lseekr.o)